Archive member included to satisfy reference by file (symbol)

D:/tool/STM32CubeIDE_1.14.0/STM32CubeIDE/plugins/com.st.stm32cube.ide.mcu.externaltools.gnu-tools-for-stm32.11.3.rel1.win32_1.1.100.202309141235/tools/bin/../lib/gcc/arm-none-eabi/11.3.1/../../../../arm-none-eabi/lib/thumb/v7e-m+fp/hard\libc_nano.a(libc_a-exit.o)
                              D:/tool/STM32CubeIDE_1.14.0/STM32CubeIDE/plugins/com.st.stm32cube.ide.mcu.externaltools.gnu-tools-for-stm32.11.3.rel1.win32_1.1.100.202309141235/tools/bin/../lib/gcc/arm-none-eabi/11.3.1/../../../../arm-none-eabi/lib/thumb/v7e-m+fp/hard/crt0.o (exit)
D:/tool/STM32CubeIDE_1.14.0/STM32CubeIDE/plugins/com.st.stm32cube.ide.mcu.externaltools.gnu-tools-for-stm32.11.3.rel1.win32_1.1.100.202309141235/tools/bin/../lib/gcc/arm-none-eabi/11.3.1/../../../../arm-none-eabi/lib/thumb/v7e-m+fp/hard\libc_nano.a(libc_a-findfp.o)
                              ./Middlewares/Third_Party/FreeRTOS/Source/tasks.o (__sf)
D:/tool/STM32CubeIDE_1.14.0/STM32CubeIDE/plugins/com.st.stm32cube.ide.mcu.externaltools.gnu-tools-for-stm32.11.3.rel1.win32_1.1.100.202309141235/tools/bin/../lib/gcc/arm-none-eabi/11.3.1/../../../../arm-none-eabi/lib/thumb/v7e-m+fp/hard\libc_nano.a(libc_a-fwalk.o)
                              D:/tool/STM32CubeIDE_1.14.0/STM32CubeIDE/plugins/com.st.stm32cube.ide.mcu.externaltools.gnu-tools-for-stm32.11.3.rel1.win32_1.1.100.202309141235/tools/bin/../lib/gcc/arm-none-eabi/11.3.1/../../../../arm-none-eabi/lib/thumb/v7e-m+fp/hard\libc_nano.a(libc_a-findfp.o) (_fwalk_sglue)
D:/tool/STM32CubeIDE_1.14.0/STM32CubeIDE/plugins/com.st.stm32cube.ide.mcu.externaltools.gnu-tools-for-stm32.11.3.rel1.win32_1.1.100.202309141235/tools/bin/../lib/gcc/arm-none-eabi/11.3.1/../../../../arm-none-eabi/lib/thumb/v7e-m+fp/hard\libc_nano.a(libc_a-stdio.o)
                              D:/tool/STM32CubeIDE_1.14.0/STM32CubeIDE/plugins/com.st.stm32cube.ide.mcu.externaltools.gnu-tools-for-stm32.11.3.rel1.win32_1.1.100.202309141235/tools/bin/../lib/gcc/arm-none-eabi/11.3.1/../../../../arm-none-eabi/lib/thumb/v7e-m+fp/hard\libc_nano.a(libc_a-findfp.o) (__sread)
D:/tool/STM32CubeIDE_1.14.0/STM32CubeIDE/plugins/com.st.stm32cube.ide.mcu.externaltools.gnu-tools-for-stm32.11.3.rel1.win32_1.1.100.202309141235/tools/bin/../lib/gcc/arm-none-eabi/11.3.1/../../../../arm-none-eabi/lib/thumb/v7e-m+fp/hard\libc_nano.a(libc_a-memset.o)
                              D:/tool/STM32CubeIDE_1.14.0/STM32CubeIDE/plugins/com.st.stm32cube.ide.mcu.externaltools.gnu-tools-for-stm32.11.3.rel1.win32_1.1.100.202309141235/tools/bin/../lib/gcc/arm-none-eabi/11.3.1/../../../../arm-none-eabi/lib/thumb/v7e-m+fp/hard/crt0.o (memset)
D:/tool/STM32CubeIDE_1.14.0/STM32CubeIDE/plugins/com.st.stm32cube.ide.mcu.externaltools.gnu-tools-for-stm32.11.3.rel1.win32_1.1.100.202309141235/tools/bin/../lib/gcc/arm-none-eabi/11.3.1/../../../../arm-none-eabi/lib/thumb/v7e-m+fp/hard\libc_nano.a(libc_a-closer.o)
                              D:/tool/STM32CubeIDE_1.14.0/STM32CubeIDE/plugins/com.st.stm32cube.ide.mcu.externaltools.gnu-tools-for-stm32.11.3.rel1.win32_1.1.100.202309141235/tools/bin/../lib/gcc/arm-none-eabi/11.3.1/../../../../arm-none-eabi/lib/thumb/v7e-m+fp/hard\libc_nano.a(libc_a-stdio.o) (_close_r)
D:/tool/STM32CubeIDE_1.14.0/STM32CubeIDE/plugins/com.st.stm32cube.ide.mcu.externaltools.gnu-tools-for-stm32.11.3.rel1.win32_1.1.100.202309141235/tools/bin/../lib/gcc/arm-none-eabi/11.3.1/../../../../arm-none-eabi/lib/thumb/v7e-m+fp/hard\libc_nano.a(libc_a-reent.o)
                              ./Middlewares/Third_Party/FreeRTOS/Source/tasks.o (_reclaim_reent)
D:/tool/STM32CubeIDE_1.14.0/STM32CubeIDE/plugins/com.st.stm32cube.ide.mcu.externaltools.gnu-tools-for-stm32.11.3.rel1.win32_1.1.100.202309141235/tools/bin/../lib/gcc/arm-none-eabi/11.3.1/../../../../arm-none-eabi/lib/thumb/v7e-m+fp/hard\libc_nano.a(libc_a-impure.o)
                              ./Middlewares/Third_Party/FreeRTOS/Source/tasks.o (_impure_ptr)
D:/tool/STM32CubeIDE_1.14.0/STM32CubeIDE/plugins/com.st.stm32cube.ide.mcu.externaltools.gnu-tools-for-stm32.11.3.rel1.win32_1.1.100.202309141235/tools/bin/../lib/gcc/arm-none-eabi/11.3.1/../../../../arm-none-eabi/lib/thumb/v7e-m+fp/hard\libc_nano.a(libc_a-lseekr.o)
                              D:/tool/STM32CubeIDE_1.14.0/STM32CubeIDE/plugins/com.st.stm32cube.ide.mcu.externaltools.gnu-tools-for-stm32.11.3.rel1.win32_1.1.100.202309141235/tools/bin/../lib/gcc/arm-none-eabi/11.3.1/../../../../arm-none-eabi/lib/thumb/v7e-m+fp/hard\libc_nano.a(libc_a-stdio.o) (_lseek_r)
D:/tool/STM32CubeIDE_1.14.0/STM32CubeIDE/plugins/com.st.stm32cube.ide.mcu.externaltools.gnu-tools-for-stm32.11.3.rel1.win32_1.1.100.202309141235/tools/bin/../lib/gcc/arm-none-eabi/11.3.1/../../../../arm-none-eabi/lib/thumb/v7e-m+fp/hard\libc_nano.a(libc_a-readr.o)
[...]
Memory Configuration

Name             Origin             Length             Attributes
RAM              0x0000000020000000 0x0000000000020000 xrw
FLASH            0x0000000008000000 0x0000000000080000 xr
*default*        0x0000000000000000 0xffffffffffffffff

Linker script and memory map

LOAD D:/tool/STM32CubeIDE_1.14.0/STM32CubeIDE/plugins/com.st.stm32cube.ide.mcu.externaltools.gnu-tools-for-stm32.11.3.rel1.win32_1.1.100.202309141235/tools/bin/../lib/gcc/arm-none-eabi/11.3.1/thumb/v7e-m+fp/hard/crti.o
LOAD D:/tool/STM32CubeIDE_1.14.0/STM32CubeIDE/plugins/com.st.stm32cube.ide.mcu.externaltools.gnu-tools-for-stm32.11.3.rel1.win32_1.1.100.202309141235/tools/bin/../lib/gcc/arm-none-eabi/11.3.1/thumb/v7e-m+fp/hard/crtbegin.o
LOAD D:/tool/STM32CubeIDE_1.14.0/STM32CubeIDE/plugins/com.st.stm32cube.ide.mcu.externaltools.gnu-tools-for-stm32.11.3.rel1.win32_1.1.100.202309141235/tools/bin/../lib/gcc/arm-none-eabi/11.3.1/../../../../arm-none-eabi/lib/thumb/v7e-m+fp/hard/crt0.o
LOAD ./Core/Src/dma.o
LOAD ./Core/Src/freertos.o
LOAD ./Core/Src/gpio.o
LOAD ./Core/Src/main.o
LOAD ./Core/Src/rc522.o
LOAD ./Core/Src/spi.o
LOAD ./Core/Src/stm32f4xx_hal_msp.o
LOAD ./Core/Src/stm32f4xx_hal_timebase_tim.o
LOAD ./Core/Src/stm32f4xx_it.o
LOAD ./Core/Src/syscalls.o
LOAD ./Core/Src/sysmem.o
LOAD ./Core/Src/system_stm32f4xx.o
LOAD ./Core/Src/uart_receive_dma.o
LOAD ./Core/Src/usart.o
LOAD ./Core/Startup/startup_stm32f446retx.o
LOAD ./Drivers/STM32F4xx_HAL_Driver/Src/stm32f4xx_hal.o
LOAD ./Drivers/STM32F4xx_HAL_Driver/Src/stm32f4xx_hal_cortex.o
LOAD ./Drivers/STM32F4xx_HAL_Driver/Src/stm32f4xx_hal_dma.o
LOAD ./Drivers/STM32F4xx_HAL_Driver/Src/stm32f4xx_hal_dma_ex.o
LOAD ./Drivers/STM32F4xx_HAL_Driver/Src/stm32f4xx_hal_exti.o
LOAD ./Drivers/STM32F4xx_HAL_Driver/Src/stm32f4xx_hal_flash.o
LOAD ./Drivers/STM32F4xx_HAL_Driver/Src/stm32f4xx_hal_flash_ex.o
LOAD ./Drivers/STM32F4xx_HAL_Driver/Src/stm32f4xx_hal_flash_ramfunc.o
LOAD ./Drivers/STM32F4xx_HAL_Driver/Src/stm32f4xx_hal_gpio.o
LOAD ./Drivers/STM32F4xx_HAL_Driver/Src/stm32f4xx_hal_pwr.o
LOAD ./Drivers/STM32F4xx_HAL_Driver/Src/stm32f4xx_hal_pwr_ex.o
LOAD ./Drivers/STM32F4xx_HAL_Driver/Src/stm32f4xx_hal_rcc.o
LOAD ./Drivers/STM32F4xx_HAL_Driver/Src/stm32f4xx_hal_rcc_ex.o
LOAD ./Drivers/STM32F4xx_HAL_Driver/Src/stm32f4xx_hal_spi.o
LOAD ./Drivers/STM32F4xx_HAL_Driver/Src/stm32f4xx_hal_tim.o
LOAD ./Drivers/STM32F4xx_HAL_Driver/Src/stm32f4xx_hal_tim_ex.o
LOAD ./Drivers/STM32F4xx_HAL_Driver/Src/stm32f4xx_hal_uart.o
LOAD ./Middlewares/Third_Party/FreeRTOS/Source/CMSIS_RTOS/cmsis_os.o
LOAD ./Middlewares/Third_Party/FreeRTOS/Source/croutine.o
LOAD ./Middlewares/Third_Party/FreeRTOS/Source/event_groups.o
LOAD ./Middlewares/Third_Party/FreeRTOS/Source/list.o
LOAD ./Middlewares/Third_Party/FreeRTOS/Source/queue.o
LOAD ./Middlewares/Third_Party/FreeRTOS/Source/stream_buffer.o
LOAD ./Middlewares/Third_Party/FreeRTOS/Source/tasks.o
LOAD ./Middlewares/Third_Party/FreeRTOS/Source/timers.o
LOAD ./Middlewares/Third_Party/FreeRTOS/Source/portable/GCC/ARM_CM4F/port.o
LOAD ./Middlewares/Third_Party/FreeRTOS/Source/portable/MemMang/heap_4.o
START GROUP
LOAD D:/tool/STM32CubeIDE_1.14.0/STM32CubeIDE/plugins/com.st.stm32cube.ide.mcu.externaltools.gnu-tools-for-stm32.11.3.rel1.win32_1.1.100.202309141235/tools/bin/../lib/gcc/arm-none-eabi/11.3.1/../../../../arm-none-eabi/lib/thumb/v7e-m+fp/hard\libc_nano.a
LOAD D:/tool/STM32CubeIDE_1.14.0/STM32CubeIDE/plugins/com.st.stm32cube.ide.mcu.externaltools.gnu-tools-for-stm32.11.3.rel1.win32_1.1.100.202309141235/tools/bin/../lib/gcc/arm-none-eabi/11.3.1/../../../../arm-none-eabi/lib/thumb/v7e-m+fp/hard\libm.a
END GROUP
START GROUP
LOAD D:/tool/STM32CubeIDE_1.14.0/STM32CubeIDE/plugins/com.st.stm32cube.ide.mcu.externaltools.gnu-tools-for-stm32.11.3.rel1.win32_1.1.100.202309141235/tools/bin/../lib/gcc/arm-none-eabi/11.3.1/thumb/v7e-m+fp/hard\libgcc.a
LOAD D:/tool/STM32CubeIDE_1.14.0/STM32CubeIDE/plugins/com.st.stm32cube.ide.mcu.externaltools.gnu-tools-for-stm32.11.3.rel1.win32_1.1.100.202309141235/tools/bin/../lib/gcc/arm-none-eabi/11.3.1/../../../../arm-none-eabi/lib/thumb/v7e-m+fp/hard\libc_nano.a
END GROUP
START GROUP
LOAD D:/tool/STM32CubeIDE_1.14.0/STM32CubeIDE/plugins/com.st.stm32cube.ide.mcu.externaltools.gnu-tools-for-stm32.11.3.rel1.win32_1.1.100.202309141235/tools/bin/../lib/gcc/arm-none-eabi/11.3.1/thumb/v7e-m+fp/hard\libgcc.a
LOAD D:/tool/STM32CubeIDE_1.14.0/STM32CubeIDE/plugins/com.st.stm32cube.ide.mcu.externaltools.gnu-tools-for-stm32.11.3.rel1.win32_1.1.100.202309141235/tools/bin/../lib/gcc/arm-none-eabi/11.3.1/../../../../arm-none-eabi/lib/thumb/v7e-m+fp/hard\libc_nano.a
LOAD D:/tool/STM32CubeIDE_1.14.0/STM32CubeIDE/plugins/com.st.stm32cube.ide.mcu.externaltools.gnu-tools-for-stm32.11.3.rel1.win32_1.1.100.202309141235/tools/bin/../lib/gcc/arm-none-eabi/11.3.1/../../../../arm-none-eabi/lib/thumb/v7e-m+fp/hard\libnosys.a
END GROUP
START GROUP
LOAD D:/tool/STM32CubeIDE_1.14.0/STM32CubeIDE/plugins/com.st.stm32cube.ide.mcu.externaltools.gnu-tools-for-stm32.11.3.rel1.win32_1.1.100.202309141235/tools/bin/../lib/gcc/arm-none-eabi/11.3.1/thumb/v7e-m+fp/hard\libgcc.a
LOAD D:/tool/STM32CubeIDE_1.14.0/STM32CubeIDE/plugins/com.st.stm32cube.ide.mcu.externaltools.gnu-tools-for-stm32.11.3.rel1.win32_1.1.100.202309141235/tools/bin/../lib/gcc/arm-none-eabi/11.3.1/../../../../arm-none-eabi/lib/thumb/v7e-m+fp/hard\libc_nano.a
LOAD D:/tool/STM32CubeIDE_1.14.0/STM32CubeIDE/plugins/com.st.stm32cube.ide.mcu.externaltools.gnu-tools-for-stm32.11.3.rel1.win32_1.1.100.202309141235/tools/bin/../lib/gcc/arm-none-eabi/11.3.1/../../../../arm-none-eabi/lib/thumb/v7e-m+fp/hard\libnosys.a
END GROUP
LOAD D:/tool/STM32CubeIDE_1.14.0/STM32CubeIDE/plugins/com.st.stm32cube.ide.mcu.externaltools.gnu-tools-for-stm32.11.3.rel1.win32_1.1.100.202309141235/tools/bin/../lib/gcc/arm-none-eabi/11.3.1/thumb/v7e-m+fp/hard/crtend.o
LOAD D:/tool/STM32CubeIDE_1.14.0/STM32CubeIDE/plugins/com.st.stm32cube.ide.mcu.externaltools.gnu-tools-for-stm32.11.3.rel1.win32_1.1.100.202309141235/tools/bin/../lib/gcc/arm-none-eabi/11.3.1/thumb/v7e-m+fp/hard/crtn.o
                0x0000000020020000                _estack = (ORIGIN (RAM) + LENGTH (RAM))
                0x0000000000000200                _Min_Heap_Size = 0x200
                0x0000000000000400                _Min_Stack_Size = 0x400

.isr_vector     0x0000000008000000      0x1c4
                0x0000000008000000                . = ALIGN (0x4)
 *(.isr_vector)
 .isr_vector    0x0000000008000000      0x1c4 ./Core/Startup/startup_stm32f446retx.o
                0x0000000008000000                g_pfnVectors
                0x00000000080001c4                . = ALIGN (0x4)

.text           0x00000000080001d0     0x6f5c
                0x00000000080001d0                . = ALIGN (0x4)
 *(.text)
 .text          0x00000000080001d0       0x40 D:/tool/STM32CubeIDE_1.14.0/STM32CubeIDE/plugins/com.st.stm32cube.ide.mcu.externaltools.gnu-tools-for-stm32.11.3.rel1.win32_1.1.100.202309141235/tools/bin/../lib/gcc/arm-none-eabi/11.3.1/thumb/v7e-m+fp/hard/crtbegin.o
 .text          0x0000000008000210       0x30 D:/tool/STM32CubeIDE_1.14.0/STM32CubeIDE/plugins/com.st.stm32cube.ide.mcu.externaltools.gnu-tools-for-stm32.11.3.rel1.win32_1.1.100.202309141235/tools/bin/../lib/gcc/arm-none-eabi/11.3.1/thumb/v7e-m+fp/hard\libgcc.a(_aeabi_uldivmod.o)
                0x0000000008000210                __aeabi_uldivmod
 .text          0x0000000008000240      0x2c8 D:/tool/STM32CubeIDE_1.14.0/STM32CubeIDE/plugins/com.st.stm32cube.ide.mcu.externaltools.gnu-tools-for-stm32.11.3.rel1.win32_1.1.100.202309141235/tools/bin/../lib/gcc/arm-none-eabi/11.3.1/thumb/v7e-m+fp/hard\libgcc.a(_udivmoddi4.o)
                0x0000000008000240                __udivmoddi4
 .text          0x0000000008000508        0x4 D:/tool/STM32CubeIDE_1.14.0/STM32CubeIDE/plugins/com.st.stm32cube.ide.mcu.externaltools.gnu-tools-for-stm32.11.3.rel1.win32_1.1.100.202309141235/tools/bin/../lib/gcc/arm-none-eabi/11.3.1/thumb/v7e-m+fp/hard\libgcc.a(_dvmd_tls.o)
                0x0000000008000508                __aeabi_idiv0
                0x0000000008000508                __aeabi_ldiv0
 *(.text*)
 .text.MX_DMA_Init
                0x000000000800050c       0x40 ./Core/Src/dma.o
                0x000000000800050c                MX_DMA_Init
 .text.vApplicationGetIdleTaskMemory
                0x000000000800054c       0x34 ./Core/Src/freertos.o
                0x000000000800054c                vApplicationGetIdleTaskMemory
 .text.MX_FREERTOS_Init
                0x0000000008000580       0xc4 ./Core/Src/freertos.o
                0x0000000008000580                MX_FREERTOS_Init
 .text.StartDefaultTask
                0x0000000008000644       0x14 ./Core/Src/freertos.o
                0x0000000008000644                StartDefaultTask
 .text.StartRfidExecuteTask
                0x0000000008000658       0x50 ./Core/Src/freertos.o
                0x0000000008000658                StartRfidExecuteTask
 .text.StartTagNumTransmitTask
                0x00000000080006a8       0x28 ./Core/Src/freertos.o
                0x00000000080006a8                StartTagNumTransmitTask
 .text.rc522_readTask
                0x00000000080006d0       0x5c ./Core/Src/freertos.o
                0x00000000080006d0                rc522_readTask
 .text.MX_GPIO_Init
                0x000000000800072c       0xdc ./Core/Src/gpio.o
                0x000000000800072c                MX_GPIO_Init
 .text.main     0x0000000008000808       0x36 ./Core/Src/main.o
                0x0000000008000808                main
 *fill*         0x000000000800083e        0x2 
 .text.SystemClock_Config
                0x0000000008000840       0xe4 ./Core/Src/main.o
                0x0000000008000840                SystemClock_Config
 .text.HAL_TIM_PeriodElapsedCallback
                0x0000000008000924       0x1e ./Core/Src/main.o
                0x0000000008000924                HAL_TIM_PeriodElapsedCallback
 .text.Error_Handler
                0x0000000008000942        0xa ./Core/Src/main.o
                0x0000000008000942                Error_Handler
 .text.RC522_SPI_Transfer
                0x000000000800094c       0x2c ./Core/Src/rc522.o
                0x000000000800094c                RC522_SPI_Transfer
 .text.Write_MFRC522
                0x0000000008000978       0x4c ./Core/Src/rc522.o
                0x0000000008000978                Write_MFRC522
 .text.Read_MFRC522
                0x00000000080009c4       0x50 ./Core/Src/rc522.o
                0x00000000080009c4                Read_MFRC522
 .text.SetBitMask
                0x0000000008000a14       0x36 ./Core/Src/rc522.o
                0x0000000008000a14                SetBitMask
 .text.ClearBitMask
                0x0000000008000a4a       0x40 ./Core/Src/rc522.o
                0x0000000008000a4a                ClearBitMask
 .text.AntennaOn
                0x0000000008000a8a       0x16 ./Core/Src/rc522.o
                0x0000000008000a8a                AntennaOn
 .text.MFRC522_Reset
                0x0000000008000aa0       0x10 ./Core/Src/rc522.o
                0x0000000008000aa0                MFRC522_Reset
 .text.MFRC522_Init
                0x0000000008000ab0       0x5c ./Core/Src/rc522.o
                0x0000000008000ab0                MFRC522_Init
 .text.MFRC522_ToCard
                0x0000000008000b0c      0x192 ./Core/Src/rc522.o
                0x0000000008000b0c                MFRC522_ToCard
 .text.MFRC522_Request
                0x0000000008000c9e       0x4a ./Core/Src/rc522.o
                0x0000000008000c9e                MFRC522_Request
 .text.MFRC522_Anticoll
                0x0000000008000ce8       0x7a ./Core/Src/rc522.o
                0x0000000008000ce8                MFRC522_Anticoll
 *fill*         0x0000000008000d62        0x2 
 .text.MX_SPI2_Init
                0x0000000008000d64       0x6c ./Core/Src/spi.o
                0x0000000008000d64                MX_SPI2_Init
 .text.HAL_SPI_MspInit
                0x0000000008000dd0      0x100 ./Core/Src/spi.o
                0x0000000008000dd0                HAL_SPI_MspInit
 .text.HAL_MspInit
                0x0000000008000ed0       0x58 ./Core/Src/stm32f4xx_hal_msp.o
                0x0000000008000ed0                HAL_MspInit
 .text.HAL_InitTick
                0x0000000008000f28       0xf8 ./Core/Src/stm32f4xx_hal_timebase_tim.o
                0x0000000008000f28                HAL_InitTick
 .text.NMI_Handler
                0x0000000008001020        0x6 ./Core/Src/stm32f4xx_it.o
                0x0000000008001020                NMI_Handler
 .text.HardFault_Handler
                0x0000000008001026        0x6 ./Core/Src/stm32f4xx_it.o
                0x0000000008001026                HardFault_Handler
 .text.MemManage_Handler
                0x000000000800102c        0x6 ./Core/Src/stm32f4xx_it.o
                0x000000000800102c                MemManage_Handler
 .text.BusFault_Handler
                0x0000000008001032        0x6 ./Core/Src/stm32f4xx_it.o
                0x0000000008001032                BusFault_Handler
 .text.UsageFault_Handler
                0x0000000008001038        0x6 ./Core/Src/stm32f4xx_it.o
                0x0000000008001038                UsageFault_Handler
 .text.DebugMon_Handler
                0x000000000800103e        0xe ./Core/Src/stm32f4xx_it.o
                0x000000000800103e                DebugMon_Handler
 .text.TIM2_IRQHandler
                0x000000000800104c       0x14 ./Core/Src/stm32f4xx_it.o
                0x000000000800104c                TIM2_IRQHandler
 .text.SPI2_IRQHandler
                0x0000000008001060       0x14 ./Core/Src/stm32f4xx_it.o
                0x0000000008001060                SPI2_IRQHandler
 .text.USART1_IRQHandler
                0x0000000008001074       0x14 ./Core/Src/stm32f4xx_it.o
                0x0000000008001074                USART1_IRQHandler
 .text.USART3_IRQHandler
                0x0000000008001088       0x14 ./Core/Src/stm32f4xx_it.o
                0x0000000008001088                USART3_IRQHandler
 .text.DMA2_Stream5_IRQHandler
                0x000000000800109c       0x14 ./Core/Src/stm32f4xx_it.o
                0x000000000800109c                DMA2_Stream5_IRQHandler
 .text.SystemInit
                0x00000000080010b0       0x24 ./Core/Src/system_stm32f4xx.o
                0x00000000080010b0                SystemInit
 .text.uart_init
                0x00000000080010d4       0x2c ./Core/Src/uart_receive_dma.o
                0x00000000080010d4                uart_init
 .text.uart_available
                0x0000000008001100       0x58 ./Core/Src/uart_receive_dma.o
                0x0000000008001100                uart_available
 .text.uart_q8_read
                0x0000000008001158       0x54 ./Core/Src/uart_receive_dma.o
                0x0000000008001158                uart_q8_read
 .text.read_rfid_number
                0x00000000080011ac       0xc0 ./Core/Src/uart_receive_dma.o
                0x00000000080011ac                read_rfid_number
 .text.transmitData
                0x000000000800126c       0x84 ./Core/Src/uart_receive_dma.o
                0x000000000800126c                transmitData
 .text.MX_USART1_UART_Init
                0x00000000080012f0       0x54 ./Core/Src/usart.o
                0x00000000080012f0                MX_USART1_UART_Init
 .text.MX_USART2_UART_Init
                0x0000000008001344       0x54 ./Core/Src/usart.o
                0x0000000008001344                MX_USART2_UART_Init
 .text.MX_USART3_UART_Init
                0x0000000008001398       0x54 ./Core/Src/usart.o
                0x0000000008001398                MX_USART3_UART_Init
 .text.HAL_UART_MspInit
                0x00000000080013ec      0x22c ./Core/Src/usart.o
                0x00000000080013ec                HAL_UART_MspInit
 .text.Reset_Handler
                0x0000000008001618       0x50 ./Core/Startup/startup_stm32f446retx.o
                0x0000000008001618                Reset_Handler
 .text.Default_Handler
                0x0000000008001668        0x2 ./Core/Startup/startup_stm32f446retx.o
                0x0000000008001668                RTC_Alarm_IRQHandler
                0x0000000008001668                EXTI2_IRQHandler
                0x0000000008001668                TIM8_CC_IRQHandler
                0x0000000008001668                FMPI2C1_EV_IRQHandler
                0x0000000008001668                SPI4_IRQHandler
                0x0000000008001668                TIM1_CC_IRQHandler
                0x0000000008001668                DMA1_Stream5_IRQHandler
                0x0000000008001668                PVD_IRQHandler
                0x0000000008001668                SDIO_IRQHandler
                0x0000000008001668                TAMP_STAMP_IRQHandler
                0x0000000008001668                CAN2_RX1_IRQHandler
                0x0000000008001668                EXTI3_IRQHandler
                0x0000000008001668                TIM8_TRG_COM_TIM14_IRQHandler
                0x0000000008001668                TIM1_UP_TIM10_IRQHandler
                0x0000000008001668                TIM8_UP_TIM13_IRQHandler
                0x0000000008001668                I2C3_ER_IRQHandler
                0x0000000008001668                EXTI0_IRQHandler
                0x0000000008001668                I2C2_EV_IRQHandler
                0x0000000008001668                DMA1_Stream2_IRQHandler
                0x0000000008001668                CAN1_RX0_IRQHandler
                0x0000000008001668                FPU_IRQHandler
                0x0000000008001668                OTG_HS_WKUP_IRQHandler
                0x0000000008001668                CAN2_SCE_IRQHandler
                0x0000000008001668                DMA2_Stream2_IRQHandler
                0x0000000008001668                SPI1_IRQHandler
                0x0000000008001668                TIM6_DAC_IRQHandler
                0x0000000008001668                TIM1_BRK_TIM9_IRQHandler
                0x0000000008001668                DCMI_IRQHandler
                0x0000000008001668                CAN2_RX0_IRQHandler
                0x0000000008001668                DMA2_Stream3_IRQHandler
                0x0000000008001668                SAI2_IRQHandler
                0x0000000008001668                USART6_IRQHandler
                0x0000000008001668                CAN1_RX1_IRQHandler
                0x0000000008001668                UART5_IRQHandler
                0x0000000008001668                DMA2_Stream0_IRQHandler
                0x0000000008001668                TIM4_IRQHandler
                0x0000000008001668                QUADSPI_IRQHandler
                0x0000000008001668                I2C1_EV_IRQHandler
                0x0000000008001668                DMA1_Stream6_IRQHandler
                0x0000000008001668                DMA1_Stream1_IRQHandler
                0x0000000008001668                UART4_IRQHandler
                0x0000000008001668                TIM3_IRQHandler
                0x0000000008001668                RCC_IRQHandler
                0x0000000008001668                TIM8_BRK_TIM12_IRQHandler
                0x0000000008001668                Default_Handler
                0x0000000008001668                CEC_IRQHandler
                0x0000000008001668                EXTI15_10_IRQHandler
                0x0000000008001668                ADC_IRQHandler
                0x0000000008001668                DMA1_Stream7_IRQHandler
                0x0000000008001668                TIM7_IRQHandler
                0x0000000008001668                CAN2_TX_IRQHandler
                0x0000000008001668                TIM5_IRQHandler
                0x0000000008001668                DMA2_Stream7_IRQHandler
                0x0000000008001668                I2C3_EV_IRQHandler
                0x0000000008001668                EXTI9_5_IRQHandler
                0x0000000008001668                RTC_WKUP_IRQHandler
                0x0000000008001668                SPDIF_RX_IRQHandler
                0x0000000008001668                OTG_HS_EP1_IN_IRQHandler
                0x0000000008001668                DMA1_Stream0_IRQHandler
                0x0000000008001668                CAN1_TX_IRQHandler
                0x0000000008001668                FMPI2C1_ER_IRQHandler
                0x0000000008001668                EXTI4_IRQHandler
                0x0000000008001668                OTG_HS_EP1_OUT_IRQHandler
                0x0000000008001668                WWDG_IRQHandler
                0x0000000008001668                OTG_FS_WKUP_IRQHandler
                0x0000000008001668                TIM1_TRG_COM_TIM11_IRQHandler
                0x0000000008001668                OTG_HS_IRQHandler
                0x0000000008001668                EXTI1_IRQHandler
                0x0000000008001668                USART2_IRQHandler
                0x0000000008001668                I2C2_ER_IRQHandler
                0x0000000008001668                DMA2_Stream1_IRQHandler
                0x0000000008001668                CAN1_SCE_IRQHandler
                0x0000000008001668                FLASH_IRQHandler
                0x0000000008001668                DMA2_Stream4_IRQHandler
                0x0000000008001668                OTG_FS_IRQHandler
                0x0000000008001668                SPI3_IRQHandler
                0x0000000008001668                DMA1_Stream4_IRQHandler
                0x0000000008001668                I2C1_ER_IRQHandler
                0x0000000008001668                FMC_IRQHandler
                0x0000000008001668                DMA2_Stream6_IRQHandler
                0x0000000008001668                SAI1_IRQHandler
                0x0000000008001668                DMA1_Stream3_IRQHandler
 *fill*         0x000000000800166a        0x2 
 .text.HAL_Init
                0x000000000800166c       0x44 ./Drivers/STM32F4xx_HAL_Driver/Src/stm32f4xx_hal.o
                0x000000000800166c                HAL_Init
 .text.HAL_IncTick
                0x00000000080016b0       0x28 ./Drivers/STM32F4xx_HAL_Driver/Src/stm32f4xx_hal.o
                0x00000000080016b0                HAL_IncTick
 .text.HAL_GetTick
                0x00000000080016d8       0x18 ./Drivers/STM32F4xx_HAL_Driver/Src/stm32f4xx_hal.o
                0x00000000080016d8                HAL_GetTick
 .text.__NVIC_SetPriorityGrouping
                0x00000000080016f0       0x48 ./Drivers/STM32F4xx_HAL_Driver/Src/stm32f4xx_hal_cortex.o
 .text.__NVIC_GetPriorityGrouping
                0x0000000008001738       0x1c ./Drivers/STM32F4xx_HAL_Driver/Src/stm32f4xx_hal_cortex.o
 .text.__NVIC_EnableIRQ
                0x0000000008001754       0x3c ./Drivers/STM32F4xx_HAL_Driver/Src/stm32f4xx_hal_cortex.o
 .text.__NVIC_SetPriority
                0x0000000008001790       0x54 ./Drivers/STM32F4xx_HAL_Driver/Src/stm32f4xx_hal_cortex.o
 .text.NVIC_EncodePriority
                0x00000000080017e4       0x66 ./Drivers/STM32F4xx_HAL_Driver/Src/stm32f4xx_hal_cortex.o
 .text.HAL_NVIC_SetPriorityGrouping
                0x000000000800184a       0x16 ./Drivers/STM32F4xx_HAL_Driver/Src/stm32f4xx_hal_cortex.o
                0x000000000800184a                HAL_NVIC_SetPriorityGrouping
 .text.HAL_NVIC_SetPriority
                0x0000000008001860       0x38 ./Drivers/STM32F4xx_HAL_Driver/Src/stm32f4xx_hal_cortex.o
                0x0000000008001860                HAL_NVIC_SetPriority
 .text.HAL_NVIC_EnableIRQ
                0x0000000008001898       0x1c ./Drivers/STM32F4xx_HAL_Driver/Src/stm32f4xx_hal_cortex.o
                0x0000000008001898                HAL_NVIC_EnableIRQ
 .text.HAL_DMA_Init
                0x00000000080018b4      0x15c ./Drivers/STM32F4xx_HAL_Driver/Src/stm32f4xx_hal_dma.o
                0x00000000080018b4                HAL_DMA_Init
 .text.HAL_DMA_Start_IT
                0x0000000008001a10       0xb0 ./Drivers/STM32F4xx_HAL_Driver/Src/stm32f4xx_hal_dma.o
                0x0000000008001a10                HAL_DMA_Start_IT
 .text.HAL_DMA_Abort
                0x0000000008001ac0       0xe0 ./Drivers/STM32F4xx_HAL_Driver/Src/stm32f4xx_hal_dma.o
                0x0000000008001ac0                HAL_DMA_Abort
 .text.HAL_DMA_Abort_IT
                0x0000000008001ba0       0x44 ./Drivers/STM32F4xx_HAL_Driver/Src/stm32f4xx_hal_dma.o
                0x0000000008001ba0                HAL_DMA_Abort_IT
 .text.HAL_DMA_IRQHandler
                0x0000000008001be4      0x314 ./Drivers/STM32F4xx_HAL_Driver/Src/stm32f4xx_hal_dma.o
                0x0000000008001be4                HAL_DMA_IRQHandler
 .text.DMA_SetConfig
                0x0000000008001ef8       0x5c ./Drivers/STM32F4xx_HAL_Driver/Src/stm32f4xx_hal_dma.o
 .text.DMA_CalcBaseAndBitshift
                0x0000000008001f54       0x6c ./Drivers/STM32F4xx_HAL_Driver/Src/stm32f4xx_hal_dma.o
 .text.DMA_CheckFifoParam
                0x0000000008001fc0       0xf8 ./Drivers/STM32F4xx_HAL_Driver/Src/stm32f4xx_hal_dma.o
 .text.HAL_GPIO_Init
                0x00000000080020b8      0x328 ./Drivers/STM32F4xx_HAL_Driver/Src/stm32f4xx_hal_gpio.o
                0x00000000080020b8                HAL_GPIO_Init
 .text.HAL_GPIO_WritePin
                0x00000000080023e0       0x32 ./Drivers/STM32F4xx_HAL_Driver/Src/stm32f4xx_hal_gpio.o
                0x00000000080023e0                HAL_GPIO_WritePin
 *fill*         0x0000000008002412        0x2 
 .text.HAL_PWREx_EnableOverDrive
                0x0000000008002414       0xa0 ./Drivers/STM32F4xx_HAL_Driver/Src/stm32f4xx_hal_pwr_ex.o
                0x0000000008002414                HAL_PWREx_EnableOverDrive
 .text.HAL_RCC_ClockConfig
                0x00000000080024b4      0x1cc ./Drivers/STM32F4xx_HAL_Driver/Src/stm32f4xx_hal_rcc.o
                0x00000000080024b4                HAL_RCC_ClockConfig
 .text.HAL_RCC_GetHCLKFreq
                0x0000000008002680       0x18 ./Drivers/STM32F4xx_HAL_Driver/Src/stm32f4xx_hal_rcc.o
                0x0000000008002680                HAL_RCC_GetHCLKFreq
 .text.HAL_RCC_GetPCLK1Freq
                0x0000000008002698       0x28 ./Drivers/STM32F4xx_HAL_Driver/Src/stm32f4xx_hal_rcc.o
                0x0000000008002698                HAL_RCC_GetPCLK1Freq
 .text.HAL_RCC_GetPCLK2Freq
                0x00000000080026c0       0x28 ./Drivers/STM32F4xx_HAL_Driver/Src/stm32f4xx_hal_rcc.o
                0x00000000080026c0                HAL_RCC_GetPCLK2Freq
 .text.HAL_RCC_GetClockConfig
                0x00000000080026e8       0x64 ./Drivers/STM32F4xx_HAL_Driver/Src/stm32f4xx_hal_rcc.o
                0x00000000080026e8                HAL_RCC_GetClockConfig
 .text.HAL_RCC_GetSysClockFreq
                0x000000000800274c      0x460 ./Drivers/STM32F4xx_HAL_Driver/Src/stm32f4xx_hal_rcc_ex.o
                0x000000000800274c                HAL_RCC_GetSysClockFreq
 .text.HAL_RCC_OscConfig
                0x0000000008002bac      0x53c ./Drivers/STM32F4xx_HAL_Driver/Src/stm32f4xx_hal_rcc_ex.o
                0x0000000008002bac                HAL_RCC_OscConfig
 .text.HAL_SPI_Init
                0x00000000080030e8      0x112 ./Drivers/STM32F4xx_HAL_Driver/Src/stm32f4xx_hal_spi.o
                0x00000000080030e8                HAL_SPI_Init
 .text.HAL_SPI_TransmitReceive
                0x00000000080031fa      0x360 ./Drivers/STM32F4xx_HAL_Driver/Src/stm32f4xx_hal_spi.o
                0x00000000080031fa                HAL_SPI_TransmitReceive
 *fill*         0x000000000800355a        0x2 
 .text.HAL_SPI_IRQHandler
                0x000000000800355c      0x1e8 ./Drivers/STM32F4xx_HAL_Driver/Src/stm32f4xx_hal_spi.o
                0x000000000800355c                HAL_SPI_IRQHandler
 .text.HAL_SPI_ErrorCallback
                0x0000000008003744       0x14 ./Drivers/STM32F4xx_HAL_Driver/Src/stm32f4xx_hal_spi.o
                0x0000000008003744                HAL_SPI_ErrorCallback
 .text.SPI_DMAAbortOnError
                0x0000000008003758       0x28 ./Drivers/STM32F4xx_HAL_Driver/Src/stm32f4xx_hal_spi.o
 .text.SPI_WaitFlagStateUntilTimeout
                0x0000000008003780      0x110 ./Drivers/STM32F4xx_HAL_Driver/Src/stm32f4xx_hal_spi.o
 .text.SPI_EndRxTxTransaction
                0x0000000008003890       0xa8 ./Drivers/STM32F4xx_HAL_Driver/Src/stm32f4xx_hal_spi.o
 .text.HAL_TIM_Base_Init
                0x0000000008003938       0x9e ./Drivers/STM32F4xx_HAL_Driver/Src/stm32f4xx_hal_tim.o
                0x0000000008003938                HAL_TIM_Base_Init
 .text.HAL_TIM_Base_MspInit
                0x00000000080039d6       0x14 ./Drivers/STM32F4xx_HAL_Driver/Src/stm32f4xx_hal_tim.o
                0x00000000080039d6                HAL_TIM_Base_MspInit
 *fill*         0x00000000080039ea        0x2 
 .text.HAL_TIM_Base_Start_IT
                0x00000000080039ec       0xe0 ./Drivers/STM32F4xx_HAL_Driver/Src/stm32f4xx_hal_tim.o
                0x00000000080039ec                HAL_TIM_Base_Start_IT
 .text.HAL_TIM_IRQHandler
                0x0000000008003acc      0x1e0 ./Drivers/STM32F4xx_HAL_Driver/Src/stm32f4xx_hal_tim.o
                0x0000000008003acc                HAL_TIM_IRQHandler
 .text.HAL_TIM_OC_DelayElapsedCallback
                0x0000000008003cac       0x14 ./Drivers/STM32F4xx_HAL_Driver/Src/stm32f4xx_hal_tim.o
                0x0000000008003cac                HAL_TIM_OC_DelayElapsedCallback
 .text.HAL_TIM_IC_CaptureCallback
                0x0000000008003cc0       0x14 ./Drivers/STM32F4xx_HAL_Driver/Src/stm32f4xx_hal_tim.o
                0x0000000008003cc0                HAL_TIM_IC_CaptureCallback
 .text.HAL_TIM_PWM_PulseFinishedCallback
                0x0000000008003cd4       0x14 ./Drivers/STM32F4xx_HAL_Driver/Src/stm32f4xx_hal_tim.o
                0x0000000008003cd4                HAL_TIM_PWM_PulseFinishedCallback
 .text.HAL_TIM_TriggerCallback
                0x0000000008003ce8       0x14 ./Drivers/STM32F4xx_HAL_Driver/Src/stm32f4xx_hal_tim.o
                0x0000000008003ce8                HAL_TIM_TriggerCallback
 .text.TIM_Base_SetConfig
                0x0000000008003cfc      0x158 ./Drivers/STM32F4xx_HAL_Driver/Src/stm32f4xx_hal_tim.o
                0x0000000008003cfc                TIM_Base_SetConfig
 .text.HAL_TIMEx_CommutCallback
                0x0000000008003e54       0x14 ./Drivers/STM32F4xx_HAL_Driver/Src/stm32f4xx_hal_tim_ex.o
                0x0000000008003e54                HAL_TIMEx_CommutCallback
 .text.HAL_TIMEx_BreakCallback
                0x0000000008003e68       0x14 ./Drivers/STM32F4xx_HAL_Driver/Src/stm32f4xx_hal_tim_ex.o
                0x0000000008003e68                HAL_TIMEx_BreakCallback
 .text.HAL_UART_Init
                0x0000000008003e7c       0xa0 ./Drivers/STM32F4xx_HAL_Driver/Src/stm32f4xx_hal_uart.o
                0x0000000008003e7c                HAL_UART_Init
 .text.HAL_UART_Transmit
                0x0000000008003f1c      0x116 ./Drivers/STM32F4xx_HAL_Driver/Src/stm32f4xx_hal_uart.o
                0x0000000008003f1c                HAL_UART_Transmit
 .text.HAL_UART_Receive_DMA
                0x0000000008004032       0x4a ./Drivers/STM32F4xx_HAL_Driver/Src/stm32f4xx_hal_uart.o
                0x0000000008004032                HAL_UART_Receive_DMA
 .text.HAL_UART_IRQHandler
                0x000000000800407c      0x524 ./Drivers/STM32F4xx_HAL_Driver/Src/stm32f4xx_hal_uart.o
                0x000000000800407c                HAL_UART_IRQHandler
 .text.HAL_UART_TxCpltCallback
                0x00000000080045a0       0x14 ./Drivers/STM32F4xx_HAL_Driver/Src/stm32f4xx_hal_uart.o
                0x00000000080045a0                HAL_UART_TxCpltCallback
 .text.HAL_UART_RxCpltCallback
                0x00000000080045b4       0x14 ./Drivers/STM32F4xx_HAL_Driver/Src/stm32f4xx_hal_uart.o
                0x00000000080045b4                HAL_UART_RxCpltCallback
 .text.HAL_UART_RxHalfCpltCallback
                0x00000000080045c8       0x14 ./Drivers/STM32F4xx_HAL_Driver/Src/stm32f4xx_hal_uart.o
                0x00000000080045c8                HAL_UART_RxHalfCpltCallback
 .text.HAL_UART_ErrorCallback
                0x00000000080045dc       0x14 ./Drivers/STM32F4xx_HAL_Driver/Src/stm32f4xx_hal_uart.o
                0x00000000080045dc                HAL_UART_ErrorCallback
 .text.HAL_UARTEx_RxEventCallback
                0x00000000080045f0       0x18 ./Drivers/STM32F4xx_HAL_Driver/Src/stm32f4xx_hal_uart.o
                0x00000000080045f0                HAL_UARTEx_RxEventCallback
 .text.UART_DMAReceiveCplt
                0x0000000008004608      0x12c ./Drivers/STM32F4xx_HAL_Driver/Src/stm32f4xx_hal_uart.o
 .text.UART_DMARxHalfCplt
                0x0000000008004734       0x3c ./Drivers/STM32F4xx_HAL_Driver/Src/stm32f4xx_hal_uart.o
 .text.UART_DMAError
                0x0000000008004770       0x94 ./Drivers/STM32F4xx_HAL_Driver/Src/stm32f4xx_hal_uart.o
 .text.UART_WaitOnFlagUntilTimeout
                0x0000000008004804       0xb2 ./Drivers/STM32F4xx_HAL_Driver/Src/stm32f4xx_hal_uart.o
 *fill*         0x00000000080048b6        0x2 
 .text.UART_Start_Receive_DMA
                0x00000000080048b8      0x134 ./Drivers/STM32F4xx_HAL_Driver/Src/stm32f4xx_hal_uart.o
                0x00000000080048b8                UART_Start_Receive_DMA
 .text.UART_EndTxTransfer
                0x00000000080049ec       0x50 ./Drivers/STM32F4xx_HAL_Driver/Src/stm32f4xx_hal_uart.o
 .text.UART_EndRxTransfer
                0x0000000008004a3c       0xc6 ./Drivers/STM32F4xx_HAL_Driver/Src/stm32f4xx_hal_uart.o
 .text.UART_DMAAbortOnError
                0x0000000008004b02       0x28 ./Drivers/STM32F4xx_HAL_Driver/Src/stm32f4xx_hal_uart.o
 .text.UART_Transmit_IT
                0x0000000008004b2a       0xa0 ./Drivers/STM32F4xx_HAL_Driver/Src/stm32f4xx_hal_uart.o
 .text.UART_EndTransmit_IT
                0x0000000008004bca       0x30 ./Drivers/STM32F4xx_HAL_Driver/Src/stm32f4xx_hal_uart.o
 .text.UART_Receive_IT
                0x0000000008004bfa      0x17c ./Drivers/STM32F4xx_HAL_Driver/Src/stm32f4xx_hal_uart.o
 *fill*         0x0000000008004d76        0x2 
 .text.UART_SetConfig
                0x0000000008004d78      0x4e8 ./Drivers/STM32F4xx_HAL_Driver/Src/stm32f4xx_hal_uart.o
 .text.makeFreeRtosPriority
                0x0000000008005260       0x30 ./Middlewares/Third_Party/FreeRTOS/Source/CMSIS_RTOS/cmsis_os.o
 .text.inHandlerMode
                0x0000000008005290       0x24 ./Middlewares/Third_Party/FreeRTOS/Source/CMSIS_RTOS/cmsis_os.o
 .text.osKernelStart
                0x00000000080052b4        0xe ./Middlewares/Third_Party/FreeRTOS/Source/CMSIS_RTOS/cmsis_os.o
                0x00000000080052b4                osKernelStart
 .text.osThreadCreate
                0x00000000080052c2       0x98 ./Middlewares/Third_Party/FreeRTOS/Source/CMSIS_RTOS/cmsis_os.o
                0x00000000080052c2                osThreadCreate
 .text.osDelay  0x000000000800535a       0x28 ./Middlewares/Third_Party/FreeRTOS/Source/CMSIS_RTOS/cmsis_os.o
                0x000000000800535a                osDelay
 *fill*         0x0000000008005382        0x2 
 .text.osSignalSet
                0x0000000008005384       0x80 ./Middlewares/Third_Party/FreeRTOS/Source/CMSIS_RTOS/cmsis_os.o
                0x0000000008005384                osSignalSet
 .text.osSignalWait
                0x0000000008005404       0x98 ./Middlewares/Third_Party/FreeRTOS/Source/CMSIS_RTOS/cmsis_os.o
                0x0000000008005404                osSignalWait
 .text.vListInitialise
                0x000000000800549c       0x40 ./Middlewares/Third_Party/FreeRTOS/Source/list.o
                0x000000000800549c                vListInitialise
 .text.vListInitialiseItem
                0x00000000080054dc       0x1a ./Middlewares/Third_Party/FreeRTOS/Source/list.o
                0x00000000080054dc                vListInitialiseItem
 .text.vListInsertEnd
                0x00000000080054f6       0x48 ./Middlewares/Third_Party/FreeRTOS/Source/list.o
                0x00000000080054f6                vListInsertEnd
 .text.vListInsert
                0x000000000800553e       0x72 ./Middlewares/Third_Party/FreeRTOS/Source/list.o
                0x000000000800553e                vListInsert
 .text.uxListRemove
                0x00000000080055b0       0x54 ./Middlewares/Third_Party/FreeRTOS/Source/list.o
                0x00000000080055b0                uxListRemove
 .text.xTaskCreateStatic
                0x0000000008005604       0xba ./Middlewares/Third_Party/FreeRTOS/Source/tasks.o
                0x0000000008005604                xTaskCreateStatic
 .text.xTaskCreate
                0x00000000080056be       0x8a ./Middlewares/Third_Party/FreeRTOS/Source/tasks.o
                0x00000000080056be                xTaskCreate
 .text.prvInitialiseNewTask
                0x0000000008005748      0x13c ./Middlewares/Third_Party/FreeRTOS/Source/tasks.o
 .text.prvAddNewTaskToReadyList
                0x0000000008005884       0xd4 ./Middlewares/Third_Party/FreeRTOS/Source/tasks.o
 .text.vTaskDelay
                0x0000000008005958       0x68 ./Middlewares/Third_Party/FreeRTOS/Source/tasks.o
                0x0000000008005958                vTaskDelay
 .text.vTaskSuspend
                0x00000000080059c0      0x124 ./Middlewares/Third_Party/FreeRTOS/Source/tasks.o
                0x00000000080059c0                vTaskSuspend
 .text.prvTaskIsTaskSuspended
                0x0000000008005ae4       0x64 ./Middlewares/Third_Party/FreeRTOS/Source/tasks.o
 .text.vTaskResume
                0x0000000008005b48       0xbc ./Middlewares/Third_Party/FreeRTOS/Source/tasks.o
                0x0000000008005b48                vTaskResume
 .text.vTaskStartScheduler
                0x0000000008005c04       0xd4 ./Middlewares/Third_Party/FreeRTOS/Source/tasks.o
                0x0000000008005c04                vTaskStartScheduler
 .text.vTaskSuspendAll
                0x0000000008005cd8       0x1c ./Middlewares/Third_Party/FreeRTOS/Source/tasks.o
                0x0000000008005cd8                vTaskSuspendAll
 .text.xTaskResumeAll
                0x0000000008005cf4      0x138 ./Middlewares/Third_Party/FreeRTOS/Source/tasks.o
                0x0000000008005cf4                xTaskResumeAll
 .text.xTaskIncrementTick
                0x0000000008005e2c      0x170 ./Middlewares/Third_Party/FreeRTOS/Source/tasks.o
                0x0000000008005e2c                xTaskIncrementTick
 .text.vTaskSwitchContext
                0x0000000008005f9c       0xc4 ./Middlewares/Third_Party/FreeRTOS/Source/tasks.o
                0x0000000008005f9c                vTaskSwitchContext
 .text.prvIdleTask
                0x0000000008006060       0x30 ./Middlewares/Third_Party/FreeRTOS/Source/tasks.o
 .text.prvInitialiseTaskLists
                0x0000000008006090       0x80 ./Middlewares/Third_Party/FreeRTOS/Source/tasks.o
 .text.prvCheckTasksWaitingTermination
                0x0000000008006110       0x5c ./Middlewares/Third_Party/FreeRTOS/Source/tasks.o
 .text.prvDeleteTCB
                0x000000000800616c       0x68 ./Middlewares/Third_Party/FreeRTOS/Source/tasks.o
 .text.prvResetNextTaskUnblockTime
                0x00000000080061d4       0x40 ./Middlewares/Third_Party/FreeRTOS/Source/tasks.o
 .text.xTaskNotifyWait
                0x0000000008006214       0xc0 ./Middlewares/Third_Party/FreeRTOS/Source/tasks.o
                0x0000000008006214                xTaskNotifyWait
 .text.xTaskGenericNotify
                0x00000000080062d4      0x17c ./Middlewares/Third_Party/FreeRTOS/Source/tasks.o
                0x00000000080062d4                xTaskGenericNotify
 .text.xTaskGenericNotifyFromISR
                0x0000000008006450      0x1c8 ./Middlewares/Third_Party/FreeRTOS/Source/tasks.o
                0x0000000008006450                xTaskGenericNotifyFromISR
 .text.prvAddCurrentTaskToDelayedList
                0x0000000008006618       0xcc ./Middlewares/Third_Party/FreeRTOS/Source/tasks.o
 .text.pxPortInitialiseStack
                0x00000000080066e4       0x68 ./Middlewares/Third_Party/FreeRTOS/Source/portable/GCC/ARM_CM4F/port.o
                0x00000000080066e4                pxPortInitialiseStack
 .text.prvTaskExitError
                0x000000000800674c       0x58 ./Middlewares/Third_Party/FreeRTOS/Source/portable/GCC/ARM_CM4F/port.o
 *fill*         0x00000000080067a4        0xc 
 .text.SVC_Handler
                0x00000000080067b0       0x28 ./Middlewares/Third_Party/FreeRTOS/Source/portable/GCC/ARM_CM4F/port.o
                0x00000000080067b0                SVC_Handler
 .text.prvPortStartFirstTask
                0x00000000080067d8       0x28 ./Middlewares/Third_Party/FreeRTOS/Source/portable/GCC/ARM_CM4F/port.o
 .text.xPortStartScheduler
                0x0000000008006800      0x144 ./Middlewares/Third_Party/FreeRTOS/Source/portable/GCC/ARM_CM4F/port.o
                0x0000000008006800                xPortStartScheduler
 .text.vPortEnterCritical
                0x0000000008006944       0x60 ./Middlewares/Third_Party/FreeRTOS/Source/portable/GCC/ARM_CM4F/port.o
                0x0000000008006944                vPortEnterCritical
 .text.vPortExitCritical
                0x00000000080069a4       0x54 ./Middlewares/Third_Party/FreeRTOS/Source/portable/GCC/ARM_CM4F/port.o
                0x00000000080069a4                vPortExitCritical
 *fill*         0x00000000080069f8        0x8 
 .text.PendSV_Handler
                0x0000000008006a00       0x68 ./Middlewares/Third_Party/FreeRTOS/Source/portable/GCC/ARM_CM4F/port.o
                0x0000000008006a00                PendSV_Handler
 .text.SysTick_Handler
                0x0000000008006a68       0x44 ./Middlewares/Third_Party/FreeRTOS/Source/portable/GCC/ARM_CM4F/port.o
                0x0000000008006a68                SysTick_Handler
 .text.vPortSetupTimerInterrupt
                0x0000000008006aac       0x48 ./Middlewares/Third_Party/FreeRTOS/Source/portable/GCC/ARM_CM4F/port.o
                0x0000000008006aac                vPortSetupTimerInterrupt
 .text.vPortEnableVFP
                0x0000000008006af4       0x14 ./Middlewares/Third_Party/FreeRTOS/Source/portable/GCC/ARM_CM4F/port.o
 .text.vPortValidateInterruptPriority
                0x0000000008006b08       0x80 ./Middlewares/Third_Party/FreeRTOS/Source/portable/GCC/ARM_CM4F/port.o
                0x0000000008006b08                vPortValidateInterruptPriority
 .text.pvPortMalloc
                0x0000000008006b88      0x198 ./Middlewares/Third_Party/FreeRTOS/Source/portable/MemMang/heap_4.o
                0x0000000008006b88                pvPortMalloc
 .text.vPortFree
                0x0000000008006d20       0xc4 ./Middlewares/Third_Party/FreeRTOS/Source/portable/MemMang/heap_4.o
                0x0000000008006d20                vPortFree
 .text.prvHeapInit
                0x0000000008006de4       0xc4 ./Middlewares/Third_Party/FreeRTOS/Source/portable/MemMang/heap_4.o
 .text.prvInsertBlockIntoFreeList
                0x0000000008006ea8       0xb4 ./Middlewares/Third_Party/FreeRTOS/Source/portable/MemMang/heap_4.o
 .text.memset   0x0000000008006f5c       0x10 D:/tool/STM32CubeIDE_1.14.0/STM32CubeIDE/plugins/com.st.stm32cube.ide.mcu.externaltools.gnu-tools-for-stm32.11.3.rel1.win32_1.1.100.202309141235/tools/bin/../lib/gcc/arm-none-eabi/11.3.1/../../../../arm-none-eabi/lib/thumb/v7e-m+fp/hard\libc_nano.a(libc_a-memset.o)
                0x0000000008006f5c                memset
 .text._reclaim_reent
                0x0000000008006f6c       0xac D:/tool/STM32CubeIDE_1.14.0/STM32CubeIDE/plugins/com.st.stm32cube.ide.mcu.externaltools.gnu-tools-for-stm32.11.3.rel1.win32_1.1.100.202309141235/tools/bin/../lib/gcc/arm-none-eabi/11.3.1/../../../../arm-none-eabi/lib/thumb/v7e-m+fp/hard\libc_nano.a(libc_a-reent.o)
                0x0000000008006f6c                _reclaim_reent
 .text.__libc_init_array
                0x0000000008007018       0x48 D:/tool/STM32CubeIDE_1.14.0/STM32CubeIDE/plugins/com.st.stm32cube.ide.mcu.externaltools.gnu-tools-for-stm32.11.3.rel1.win32_1.1.100.202309141235/tools/bin/../lib/gcc/arm-none-eabi/11.3.1/../../../../arm-none-eabi/lib/thumb/v7e-m+fp/hard\libc_nano.a(libc_a-init.o)
                0x0000000008007018                __libc_init_array
 .text.__retarget_lock_acquire_recursive
                0x0000000008007060        0x2 D:/tool/STM32CubeIDE_1.14.0/STM32CubeIDE/plugins/com.st.stm32cube.ide.mcu.externaltools.gnu-tools-for-stm32.11.3.rel1.win32_1.1.100.202309141235/tools/bin/../lib/gcc/arm-none-eabi/11.3.1/../../../../arm-none-eabi/lib/thumb/v7e-m+fp/hard\libc_nano.a(libc_a-lock.o)
                0x0000000008007060                __retarget_lock_acquire_recursive
 .text.__retarget_lock_release_recursive
                0x0000000008007062        0x2 D:/tool/STM32CubeIDE_1.14.0/STM32CubeIDE/plugins/com.st.stm32cube.ide.mcu.externaltools.gnu-tools-for-stm32.11.3.rel1.win32_1.1.100.202309141235/tools/bin/../lib/gcc/arm-none-eabi/11.3.1/../../../../arm-none-eabi/lib/thumb/v7e-m+fp/hard\libc_nano.a(libc_a-lock.o)
                0x0000000008007062                __retarget_lock_release_recursive
 .text._free_r  0x0000000008007064       0x98 D:/tool/STM32CubeIDE_1.14.0/STM32CubeIDE/plugins/com.st.stm32cube.ide.mcu.externaltools.gnu-tools-for-stm32.11.3.rel1.win32_1.1.100.202309141235/tools/bin/../lib/gcc/arm-none-eabi/11.3.1/../../../../arm-none-eabi/lib/thumb/v7e-m+fp/hard\libc_nano.a(libc_a-freer.o)
                0x0000000008007064                _free_r
 .text.__malloc_lock
                0x00000000080070fc        0xc D:/tool/STM32CubeIDE_1.14.0/STM32CubeIDE/plugins/com.st.stm32cube.ide.mcu.externaltools.gnu-tools-for-stm32.11.3.rel1.win32_1.1.100.202309141235/tools/bin/../lib/gcc/arm-none-eabi/11.3.1/../../../../arm-none-eabi/lib/thumb/v7e-m+fp/hard\libc_nano.a(libc_a-mlock.o)
                0x00000000080070fc                __malloc_lock
 .text.__malloc_unlock
                0x0000000008007108        0xc D:/tool/STM32CubeIDE_1.14.0/STM32CubeIDE/plugins/com.st.stm32cube.ide.mcu.externaltools.gnu-tools-for-stm32.11.3.rel1.win32_1.1.100.202309141235/tools/bin/../lib/gcc/arm-none-eabi/11.3.1/../../../../arm-none-eabi/lib/thumb/v7e-m+fp/hard\libc_nano.a(libc_a-mlock.o)
                0x0000000008007108                __malloc_unlock
 *(.glue_7)
 .glue_7        0x0000000008007114        0x0 linker stubs
 *(.glue_7t)
 .glue_7t       0x0000000008007114        0x0 linker stubs
 *(.eh_frame)
 .eh_frame      0x0000000008007114        0x0 D:/tool/STM32CubeIDE_1.14.0/STM32CubeIDE/plugins/com.st.stm32cube.ide.mcu.externaltools.gnu-tools-for-stm32.11.3.rel1.win32_1.1.100.202309141235/tools/bin/../lib/gcc/arm-none-eabi/11.3.1/thumb/v7e-m+fp/hard/crtbegin.o
 *(.init)
 .init          0x0000000008007114        0x4 D:/tool/STM32CubeIDE_1.14.0/STM32CubeIDE/plugins/com.st.stm32cube.ide.mcu.externaltools.gnu-tools-for-stm32.11.3.rel1.win32_1.1.100.202309141235/tools/bin/../lib/gcc/arm-none-eabi/11.3.1/thumb/v7e-m+fp/hard/crti.o
                0x0000000008007114                _init
 .init          0x0000000008007118        0x8 D:/tool/STM32CubeIDE_1.14.0/STM32CubeIDE/plugins/com.st.stm32cube.ide.mcu.externaltools.gnu-tools-for-stm32.11.3.rel1.win32_1.1.100.202309141235/tools/bin/../lib/gcc/arm-none-eabi/11.3.1/thumb/v7e-m+fp/hard/crtn.o
 *(.fini)
 .fini          0x0000000008007120        0x4 D:/tool/STM32CubeIDE_1.14.0/STM32CubeIDE/plugins/com.st.stm32cube.ide.mcu.externaltools.gnu-tools-for-stm32.11.3.rel1.win32_1.1.100.202309141235/tools/bin/../lib/gcc/arm-none-eabi/11.3.1/thumb/v7e-m+fp/hard/crti.o
                0x0000000008007120                _fini
 .fini          0x0000000008007124        0x8 D:/tool/STM32CubeIDE_1.14.0/STM32CubeIDE/plugins/com.st.stm32cube.ide.mcu.externaltools.gnu-tools-for-stm32.11.3.rel1.win32_1.1.100.202309141235/tools/bin/../lib/gcc/arm-none-eabi/11.3.1/thumb/v7e-m+fp/hard/crtn.o
                0x000000000800712c                . = ALIGN (0x4)
                0x000000000800712c                _etext = .

.vfp11_veneer   0x000000000800712c        0x0
 .vfp11_veneer  0x000000000800712c        0x0 linker stubs

.v4_bx          0x000000000800712c        0x0
 .v4_bx         0x000000000800712c        0x0 linker stubs

.iplt           0x000000000800712c        0x0
 .iplt          0x000000000800712c        0x0 D:/tool/STM32CubeIDE_1.14.0/STM32CubeIDE/plugins/com.st.stm32cube.ide.mcu.externaltools.gnu-tools-for-stm32.11.3.rel1.win32_1.1.100.202309141235/tools/bin/../lib/gcc/arm-none-eabi/11.3.1/thumb/v7e-m+fp/hard/crtbegin.o

.rodata         0x000000000800712c       0xd8
                0x000000000800712c                . = ALIGN (0x4)
 *(.rodata)
 .rodata        0x000000000800712c       0xaf ./Core/Src/freertos.o
 *fill*         0x00000000080071db        0x1 
 .rodata        0x00000000080071dc        0x5 ./Middlewares/Third_Party/FreeRTOS/Source/tasks.o
 *(.rodata*)
 *fill*         0x00000000080071e1        0x3 
 .rodata.AHBPrescTable
                0x00000000080071e4       0x10 ./Core/Src/system_stm32f4xx.o
                0x00000000080071e4                AHBPrescTable
 .rodata.APBPrescTable
                0x00000000080071f4        0x8 ./Core/Src/system_stm32f4xx.o
                0x00000000080071f4                APBPrescTable
 .rodata.flagBitshiftOffset.0
                0x00000000080071fc        0x8 ./Drivers/STM32F4xx_HAL_Driver/Src/stm32f4xx_hal_dma.o
                0x0000000008007204                . = ALIGN (0x4)

.ARM.extab      0x0000000008007204        0x0
                0x0000000008007204                . = ALIGN (0x4)
 *(.ARM.extab* .gnu.linkonce.armextab.*)
                0x0000000008007204                . = ALIGN (0x4)

.ARM            0x0000000008007204        0x8
                0x0000000008007204                . = ALIGN (0x4)
                0x0000000008007204                __exidx_start = .
 *(.ARM.exidx*)
 .ARM.exidx     0x0000000008007204        0x8 D:/tool/STM32CubeIDE_1.14.0/STM32CubeIDE/plugins/com.st.stm32cube.ide.mcu.externaltools.gnu-tools-for-stm32.11.3.rel1.win32_1.1.100.202309141235/tools/bin/../lib/gcc/arm-none-eabi/11.3.1/thumb/v7e-m+fp/hard\libgcc.a(_udivmoddi4.o)
                0x000000000800720c                __exidx_end = .
                0x000000000800720c                . = ALIGN (0x4)

.rel.dyn        0x000000000800720c        0x0
 .rel.iplt      0x000000000800720c        0x0 D:/tool/STM32CubeIDE_1.14.0/STM32CubeIDE/plugins/com.st.stm32cube.ide.mcu.externaltools.gnu-tools-for-stm32.11.3.rel1.win32_1.1.100.202309141235/tools/bin/../lib/gcc/arm-none-eabi/11.3.1/thumb/v7e-m+fp/hard/crtbegin.o

.preinit_array  0x000000000800720c        0x0
                0x000000000800720c                . = ALIGN (0x4)
                0x000000000800720c                PROVIDE (__preinit_array_start = .)
 *(.preinit_array*)
                0x000000000800720c                PROVIDE (__preinit_array_end = .)
                0x000000000800720c                . = ALIGN (0x4)

.init_array     0x000000000800720c        0x4
                0x000000000800720c                . = ALIGN (0x4)
                0x000000000800720c                PROVIDE (__init_array_start = .)
 *(SORT_BY_NAME(.init_array.*))
 *(.init_array*)
 .init_array    0x000000000800720c        0x4 D:/tool/STM32CubeIDE_1.14.0/STM32CubeIDE/plugins/com.st.stm32cube.ide.mcu.externaltools.gnu-tools-for-stm32.11.3.rel1.win32_1.1.100.202309141235/tools/bin/../lib/gcc/arm-none-eabi/11.3.1/thumb/v7e-m+fp/hard/crtbegin.o
                0x0000000008007210                PROVIDE (__init_array_end = .)
                0x0000000008007210                . = ALIGN (0x4)

.fini_array     0x0000000008007210        0x4
                0x0000000008007210                . = ALIGN (0x4)
                [!provide]                        PROVIDE (__fini_array_start = .)
 *(SORT_BY_NAME(.fini_array.*))
 *(.fini_array*)
 .fini_array    0x0000000008007210        0x4 D:/tool/STM32CubeIDE_1.14.0/STM32CubeIDE/plugins/com.st.stm32cube.ide.mcu.externaltools.gnu-tools-for-stm32.11.3.rel1.win32_1.1.100.202309141235/tools/bin/../lib/gcc/arm-none-eabi/11.3.1/thumb/v7e-m+fp/hard/crtbegin.o
                [!provide]                        PROVIDE (__fini_array_end = .)
                0x0000000008007214                . = ALIGN (0x4)
                0x0000000008007214                _sidata = LOADADDR (.data)

.data           0x0000000020000000       0x60 load address 0x0000000008007214
                0x0000000020000000                . = ALIGN (0x4)
                0x0000000020000000                _sdata = .
 *(.data)
 *(.data*)
 .data.SystemCoreClock
                0x0000000020000000        0x4 ./Core/Src/system_stm32f4xx.o
                0x0000000020000000                SystemCoreClock
 .data.uwTickPrio
                0x0000000020000004        0x4 ./Drivers/STM32F4xx_HAL_Driver/Src/stm32f4xx_hal.o
                0x0000000020000004                uwTickPrio
 .data.uwTickFreq
                0x0000000020000008        0x1 ./Drivers/STM32F4xx_HAL_Driver/Src/stm32f4xx_hal.o
                0x0000000020000008                uwTickFreq
 *fill*         0x0000000020000009        0x3 
 .data.uxCriticalNesting
                0x000000002000000c        0x4 ./Middlewares/Third_Party/FreeRTOS/Source/portable/GCC/ARM_CM4F/port.o
 .data._impure_data
                0x0000000020000010       0x4c D:/tool/STM32CubeIDE_1.14.0/STM32CubeIDE/plugins/com.st.stm32cube.ide.mcu.externaltools.gnu-tools-for-stm32.11.3.rel1.win32_1.1.100.202309141235/tools/bin/../lib/gcc/arm-none-eabi/11.3.1/../../../../arm-none-eabi/lib/thumb/v7e-m+fp/hard\libc_nano.a(libc_a-impure.o)
                0x0000000020000010                _impure_data
 .data._impure_ptr
                0x000000002000005c        0x4 D:/tool/STM32CubeIDE_1.14.0/STM32CubeIDE/plugins/com.st.stm32cube.ide.mcu.externaltools.gnu-tools-for-stm32.11.3.rel1.win32_1.1.100.202309141235/tools/bin/../lib/gcc/arm-none-eabi/11.3.1/../../../../arm-none-eabi/lib/thumb/v7e-m+fp/hard\libc_nano.a(libc_a-impure.o)
                0x000000002000005c                _impure_ptr
 *(.RamFunc)
 *(.RamFunc*)
                0x0000000020000060                . = ALIGN (0x4)
                0x0000000020000060                _edata = .

.igot.plt       0x0000000020000060        0x0 load address 0x0000000008007274
 .igot.plt      0x0000000020000060        0x0 D:/tool/STM32CubeIDE_1.14.0/STM32CubeIDE/plugins/com.st.stm32cube.ide.mcu.externaltools.gnu-tools-for-stm32.11.3.rel1.win32_1.1.100.202309141235/tools/bin/../lib/gcc/arm-none-eabi/11.3.1/thumb/v7e-m+fp/hard/crtbegin.o
                0x0000000020000060                . = ALIGN (0x4)

.bss            0x0000000020000060     0x490c load address 0x0000000008007274
                0x0000000020000060                _sbss = .
                0x0000000020000060                __bss_start__ = _sbss
 *(.bss)
 .bss           0x0000000020000060       0x1c D:/tool/STM32CubeIDE_1.14.0/STM32CubeIDE/plugins/com.st.stm32cube.ide.mcu.externaltools.gnu-tools-for-stm32.11.3.rel1.win32_1.1.100.202309141235/tools/bin/../lib/gcc/arm-none-eabi/11.3.1/thumb/v7e-m+fp/hard/crtbegin.o
 *(.bss*)
 .bss.defaultTaskHandle
                0x000000002000007c        0x4 ./Core/Src/freertos.o
                0x000000002000007c                defaultTaskHandle
 .bss.rfidExecuteTaskHandle
                0x0000000020000080        0x4 ./Core/Src/freertos.o
                0x0000000020000080                rfidExecuteTaskHandle
 .bss.tagNumTransmitTHandle
                0x0000000020000084        0x4 ./Core/Src/freertos.o
                0x0000000020000084                tagNumTransmitTHandle
 .bss.rc522_readHandle
                0x0000000020000088        0x4 ./Core/Src/freertos.o
                0x0000000020000088                rc522_readHandle
 .bss.xIdleTaskTCBBuffer
                0x000000002000008c       0xa0 ./Core/Src/freertos.o
 .bss.xIdleStack
                0x000000002000012c      0x200 ./Core/Src/freertos.o
 .bss.hspi2     0x000000002000032c       0x58 ./Core/Src/spi.o
                0x000000002000032c                hspi2
 .bss.htim2     0x0000000020000384       0x48 ./Core/Src/stm32f4xx_hal_timebase_tim.o
                0x0000000020000384                htim2
 .bss.uart_queue
                0x00000000200003cc      0x104 ./Core/Src/uart_receive_dma.o
                0x00000000200003cc                uart_queue
 .bss.rfid_number
                0x00000000200004d0      0x4b0 ./Core/Src/uart_receive_dma.o
                0x00000000200004d0                rfid_number
 .bss.recive_data
                0x0000000020000980       0x18 ./Core/Src/uart_receive_dma.o
                0x0000000020000980                recive_data
 .bss.book_num  0x0000000020000998        0x1 ./Core/Src/uart_receive_dma.o
                0x0000000020000998                book_num
 .bss.book_byte_num
                0x0000000020000999        0x1 ./Core/Src/uart_receive_dma.o
                0x0000000020000999                book_byte_num
 *fill*         0x000000002000099a        0x2 
 .bss.huart1    0x000000002000099c       0x48 ./Core/Src/usart.o
                0x000000002000099c                huart1
 .bss.huart2    0x00000000200009e4       0x48 ./Core/Src/usart.o
                0x00000000200009e4                huart2
 .bss.huart3    0x0000000020000a2c       0x48 ./Core/Src/usart.o
                0x0000000020000a2c                huart3
 .bss.hdma_usart1_rx
                0x0000000020000a74       0x60 ./Core/Src/usart.o
                0x0000000020000a74                hdma_usart1_rx
 .bss.uwTick    0x0000000020000ad4        0x4 ./Drivers/STM32F4xx_HAL_Driver/Src/stm32f4xx_hal.o
                0x0000000020000ad4                uwTick
 .bss.pxCurrentTCB
                0x0000000020000ad8        0x4 ./Middlewares/Third_Party/FreeRTOS/Source/tasks.o
                0x0000000020000ad8                pxCurrentTCB
 .bss.pxReadyTasksLists
                0x0000000020000adc       0x8c ./Middlewares/Third_Party/FreeRTOS/Source/tasks.o
 .bss.xDelayedTaskList1
                0x0000000020000b68       0x14 ./Middlewares/Third_Party/FreeRTOS/Source/tasks.o
 .bss.xDelayedTaskList2
                0x0000000020000b7c       0x14 ./Middlewares/Third_Party/FreeRTOS/Source/tasks.o
 .bss.pxDelayedTaskList
                0x0000000020000b90        0x4 ./Middlewares/Third_Party/FreeRTOS/Source/tasks.o
 .bss.pxOverflowDelayedTaskList
                0x0000000020000b94        0x4 ./Middlewares/Third_Party/FreeRTOS/Source/tasks.o
 .bss.xPendingReadyList
                0x0000000020000b98       0x14 ./Middlewares/Third_Party/FreeRTOS/Source/tasks.o
 .bss.xTasksWaitingTermination
                0x0000000020000bac       0x14 ./Middlewares/Third_Party/FreeRTOS/Source/tasks.o
 .bss.uxDeletedTasksWaitingCleanUp
                0x0000000020000bc0        0x4 ./Middlewares/Third_Party/FreeRTOS/Source/tasks.o
 .bss.xSuspendedTaskList
                0x0000000020000bc4       0x14 ./Middlewares/Third_Party/FreeRTOS/Source/tasks.o
 .bss.uxCurrentNumberOfTasks
                0x0000000020000bd8        0x4 ./Middlewares/Third_Party/FreeRTOS/Source/tasks.o
 .bss.xTickCount
                0x0000000020000bdc        0x4 ./Middlewares/Third_Party/FreeRTOS/Source/tasks.o
 .bss.uxTopReadyPriority
                0x0000000020000be0        0x4 ./Middlewares/Third_Party/FreeRTOS/Source/tasks.o
 .bss.xSchedulerRunning
                0x0000000020000be4        0x4 ./Middlewares/Third_Party/FreeRTOS/Source/tasks.o
 .bss.xPendedTicks
                0x0000000020000be8        0x4 ./Middlewares/Third_Party/FreeRTOS/Source/tasks.o
 .bss.xYieldPending
                0x0000000020000bec        0x4 ./Middlewares/Third_Party/FreeRTOS/Source/tasks.o
 .bss.xNumOfOverflows
                0x0000000020000bf0        0x4 ./Middlewares/Third_Party/FreeRTOS/Source/tasks.o
 .bss.uxTaskNumber
                0x0000000020000bf4        0x4 ./Middlewares/Third_Party/FreeRTOS/Source/tasks.o
 .bss.xNextTaskUnblockTime
                0x0000000020000bf8        0x4 ./Middlewares/Third_Party/FreeRTOS/Source/tasks.o
 .bss.xIdleTaskHandle
                0x0000000020000bfc        0x4 ./Middlewares/Third_Party/FreeRTOS/Source/tasks.o
 .bss.uxSchedulerSuspended
                0x0000000020000c00        0x4 ./Middlewares/Third_Party/FreeRTOS/Source/tasks.o
 .bss.ucMaxSysCallPriority
                0x0000000020000c04        0x1 ./Middlewares/Third_Party/FreeRTOS/Source/portable/GCC/ARM_CM4F/port.o
 *fill*         0x0000000020000c05        0x3 
 .bss.ulMaxPRIGROUPValue
                0x0000000020000c08        0x4 ./Middlewares/Third_Party/FreeRTOS/Source/portable/GCC/ARM_CM4F/port.o
 .bss.ucHeap    0x0000000020000c0c     0x3c00 ./Middlewares/Third_Party/FreeRTOS/Source/portable/MemMang/heap_4.o
 .bss.xStart    0x000000002000480c        0x8 ./Middlewares/Third_Party/FreeRTOS/Source/portable/MemMang/heap_4.o
 .bss.pxEnd     0x0000000020004814        0x4 ./Middlewares/Third_Party/FreeRTOS/Source/portable/MemMang/heap_4.o
 .bss.xFreeBytesRemaining
                0x0000000020004818        0x4 ./Middlewares/Third_Party/FreeRTOS/Source/portable/MemMang/heap_4.o
 .bss.xMinimumEverFreeBytesRemaining
                0x000000002000481c        0x4 ./Middlewares/Third_Party/FreeRTOS/Source/portable/MemMang/heap_4.o
 .bss.xNumberOfSuccessfulAllocations
                0x0000000020004820        0x4 ./Middlewares/Third_Party/FreeRTOS/Source/portable/MemMang/heap_4.o
 .bss.xNumberOfSuccessfulFrees
                0x0000000020004824        0x4 ./Middlewares/Third_Party/FreeRTOS/Source/portable/MemMang/heap_4.o
 .bss.xBlockAllocatedBit
                0x0000000020004828        0x4 ./Middlewares/Third_Party/FreeRTOS/Source/portable/MemMang/heap_4.o
 .bss.__sf      0x000000002000482c      0x138 D:/tool/STM32CubeIDE_1.14.0/STM32CubeIDE/plugins/com.st.stm32cube.ide.mcu.externaltools.gnu-tools-for-stm32.11.3.rel1.win32_1.1.100.202309141235/tools/bin/../lib/gcc/arm-none-eabi/11.3.1/../../../../arm-none-eabi/lib/thumb/v7e-m+fp/hard\libc_nano.a(libc_a-findfp.o)
                0x000000002000482c                __sf
 .bss.__lock___malloc_recursive_mutex
                0x0000000020004964        0x1 D:/tool/STM32CubeIDE_1.14.0/STM32CubeIDE/plugins/com.st.stm32cube.ide.mcu.externaltools.gnu-tools-for-stm32.11.3.rel1.win32_1.1.100.202309141235/tools/bin/../lib/gcc/arm-none-eabi/11.3.1/../../../../arm-none-eabi/lib/thumb/v7e-m+fp/hard\libc_nano.a(libc_a-lock.o)
                0x0000000020004964                __lock___malloc_recursive_mutex
 *fill*         0x0000000020004965        0x3 
 .bss.__malloc_free_list
                0x0000000020004968        0x4 D:/tool/STM32CubeIDE_1.14.0/STM32CubeIDE/plugins/com.st.stm32cube.ide.mcu.externaltools.gnu-tools-for-stm32.11.3.rel1.win32_1.1.100.202309141235/tools/bin/../lib/gcc/arm-none-eabi/11.3.1/../../../../arm-none-eabi/lib/thumb/v7e-m+fp/hard\libc_nano.a(libc_a-mallocr.o)
                0x0000000020004968                __malloc_free_list
 *(COMMON)
                0x000000002000496c                . = ALIGN (0x4)
                0x000000002000496c                _ebss = .
                0x000000002000496c                __bss_end__ = _ebss

._user_heap_stack
                0x000000002000496c      0x604 load address 0x0000000008007274
                0x0000000020004970                . = ALIGN (0x8)
 *fill*         0x000000002000496c        0x4 
                [!provide]                        PROVIDE (end = .)
                0x0000000020004970                PROVIDE (_end = .)
                0x0000000020004b70                . = (. + _Min_Heap_Size)
 *fill*         0x0000000020004970      0x200 
                0x0000000020004f70                . = (. + _Min_Stack_Size)
 *fill*         0x0000000020004b70      0x400 
                0x0000000020004f70                . = ALIGN (0x8)

/DISCARD/
 libc.a(*)
 libm.a(*)
 libgcc.a(*)

.ARM.attributes
                0x0000000000000000       0x30
 *(.ARM.attributes)
 .ARM.attributes
                0x0000000000000000       0x1e D:/tool/STM32CubeIDE_1.14.0/STM32CubeIDE/plugins/com.st.stm32cube.ide.mcu.externaltools.gnu-tools-for-stm32.11.3.rel1.win32_1.1.100.202309141235/tools/bin/../lib/gcc/arm-none-eabi/11.3.1/thumb/v7e-m+fp/hard/crti.o
 .ARM.attributes
                0x000000000000001e       0x34 D:/tool/STM32CubeIDE_1.14.0/STM32CubeIDE/plugins/com.st.stm32cube.ide.mcu.externaltools.gnu-tools-for-stm32.11.3.rel1.win32_1.1.100.202309141235/tools/bin/../lib/gcc/arm-none-eabi/11.3.1/thumb/v7e-m+fp/hard/crtbegin.o
 .ARM.attributes
                0x0000000000000052       0x34 ./Core/Src/dma.o
 .ARM.attributes
                0x0000000000000086       0x34 ./Core/Src/freertos.o
 .ARM.attributes
                0x00000000000000ba       0x34 ./Core/Src/gpio.o
 .ARM.attributes
                0x00000000000000ee       0x34 ./Core/Src/main.o
 .ARM.attributes
                0x0000000000000122       0x34 ./Core/Src/rc522.o
 .ARM.attributes
                0x0000000000000156       0x34 ./Core/Src/spi.o
 .ARM.attributes
                0x000000000000018a       0x34 ./Core/Src/stm32f4xx_hal_msp.o
 .ARM.attributes
                0x00000000000001be       0x34 ./Core/Src/stm32f4xx_hal_timebase_tim.o
 .ARM.attributes
                0x00000000000001f2       0x34 ./Core/Src/stm32f4xx_it.o
 .ARM.attributes
                0x0000000000000226       0x34 ./Core/Src/system_stm32f4xx.o
 .ARM.attributes
                0x000000000000025a       0x34 ./Core/Src/uart_receive_dma.o
 .ARM.attributes
                0x000000000000028e       0x34 ./Core/Src/usart.o
 .ARM.attributes
                0x00000000000002c2       0x21 ./Core/Startup/startup_stm32f446retx.o
 .ARM.attributes
                0x00000000000002e3       0x34 ./Drivers/STM32F4xx_HAL_Driver/Src/stm32f4xx_hal.o
 .ARM.attributes
                0x0000000000000317       0x34 ./Drivers/STM32F4xx_HAL_Driver/Src/stm32f4xx_hal_cortex.o
 .ARM.attributes
                0x000000000000034b       0x34 ./Drivers/STM32F4xx_HAL_Driver/Src/stm32f4xx_hal_dma.o
 .ARM.attributes
                0x000000000000037f       0x34 ./Drivers/STM32F4xx_HAL_Driver/Src/stm32f4xx_hal_gpio.o
 .ARM.attributes
                0x00000000000003b3       0x34 ./Drivers/STM32F4xx_HAL_Driver/Src/stm32f4xx_hal_pwr_ex.o
 .ARM.attributes
                0x00000000000003e7       0x34 ./Drivers/STM32F4xx_HAL_Driver/Src/stm32f4xx_hal_rcc.o
 .ARM.attributes
                0x000000000000041b       0x34 ./Drivers/STM32F4xx_HAL_Driver/Src/stm32f4xx_hal_rcc_ex.o
 .ARM.attributes
                0x000000000000044f       0x34 ./Drivers/STM32F4xx_HAL_Driver/Src/stm32f4xx_hal_spi.o
 .ARM.attributes
                0x0000000000000483       0x34 ./Drivers/STM32F4xx_HAL_Driver/Src/stm32f4xx_hal_tim.o
 .ARM.attributes
                0x00000000000004b7       0x34 ./Drivers/STM32F4xx_HAL_Driver/Src/stm32f4xx_hal_tim_ex.o
 .ARM.attributes
                0x00000000000004eb       0x34 ./Drivers/STM32F4xx_HAL_Driver/Src/stm32f4xx_hal_uart.o
 .ARM.attributes
                0x000000000000051f       0x34 ./Middlewares/Third_Party/FreeRTOS/Source/CMSIS_RTOS/cmsis_os.o
 .ARM.attributes
                0x0000000000000553       0x34 ./Middlewares/Third_Party/FreeRTOS/Source/list.o
 .ARM.attributes
                0x0000000000000587       0x34 ./Middlewares/Third_Party/FreeRTOS/Source/tasks.o
 .ARM.attributes
                0x00000000000005bb       0x34 ./Middlewares/Third_Party/FreeRTOS/Source/portable/GCC/ARM_CM4F/port.o
 .ARM.attributes
                0x00000000000005ef       0x34 ./Middlewares/Third_Party/FreeRTOS/Source/portable/MemMang/heap_4.o
 .ARM.attributes
                0x0000000000000623       0x34 D:/tool/STM32CubeIDE_1.14.0/STM32CubeIDE/plugins/com.st.stm32cube.ide.mcu.externaltools.gnu-tools-for-stm32.11.3.rel1.win32_1.1.100.202309141235/tools/bin/../lib/gcc/arm-none-eabi/11.3.1/../../../../arm-none-eabi/lib/thumb/v7e-m+fp/hard\libc_nano.a(libc_a-findfp.o)
 .ARM.attributes
                0x0000000000000657       0x34 D:/tool/STM32CubeIDE_1.14.0/STM32CubeIDE/plugins/com.st.stm32cube.ide.mcu.externaltools.gnu-tools-for-stm32.11.3.rel1.win32_1.1.100.202309141235/tools/bin/../lib/gcc/arm-none-eabi/11.3.1/../../../../arm-none-eabi/lib/thumb/v7e-m+fp/hard\libc_nano.a(libc_a-memset.o)
 .ARM.attributes
                0x000000000000068b       0x34 D:/tool/STM32CubeIDE_1.14.0/STM32CubeIDE/plugins/com.st.stm32cube.ide.mcu.externaltools.gnu-tools-for-stm32.11.3.rel1.win32_1.1.100.202309141235/tools/bin/../lib/gcc/arm-none-eabi/11.3.1/../../../../arm-none-eabi/lib/thumb/v7e-m+fp/hard\libc_nano.a(libc_a-reent.o)
 .ARM.attributes
                0x00000000000006bf       0x34 D:/tool/STM32CubeIDE_1.14.0/STM32CubeIDE/plugins/com.st.stm32cube.ide.mcu.externaltools.gnu-tools-for-stm32.11.3.rel1.win32_1.1.100.202309141235/tools/bin/../lib/gcc/arm-none-eabi/11.3.1/../../../../arm-none-eabi/lib/thumb/v7e-m+fp/hard\libc_nano.a(libc_a-impure.o)
 .ARM.attributes
                0x00000000000006f3       0x34 D:/tool/STM32CubeIDE_1.14.0/STM32CubeIDE/plugins/com.st.stm32cube.ide.mcu.externaltools.gnu-tools-for-stm32.11.3.rel1.win32_1.1.100.202309141235/tools/bin/../lib/gcc/arm-none-eabi/11.3.1/../../../../arm-none-eabi/lib/thumb/v7e-m+fp/hard\libc_nano.a(libc_a-init.o)
 .ARM.attributes
                0x0000000000000727       0x34 D:/tool/STM32CubeIDE_1.14.0/STM32CubeIDE/plugins/com.st.stm32cube.ide.mcu.externaltools.gnu-tools-for-stm32.11.3.rel1.win32_1.1.100.202309141235/tools/bin/../lib/gcc/arm-none-eabi/11.3.1/../../../../arm-none-eabi/lib/thumb/v7e-m+fp/hard\libc_nano.a(libc_a-lock.o)
 .ARM.attributes
                0x000000000000075b       0x34 D:/tool/STM32CubeIDE_1.14.0/STM32CubeIDE/plugins/com.st.stm32cube.ide.mcu.externaltools.gnu-tools-for-stm32.11.3.rel1.win32_1.1.100.202309141235/tools/bin/../lib/gcc/arm-none-eabi/11.3.1/../../../../arm-none-eabi/lib/thumb/v7e-m+fp/hard\libc_nano.a(libc_a-freer.o)
 .ARM.attributes
                0x000000000000078f       0x34 D:/tool/STM32CubeIDE_1.14.0/STM32CubeIDE/plugins/com.st.stm32cube.ide.mcu.externaltools.gnu-tools-for-stm32.11.3.rel1.win32_1.1.100.202309141235/tools/bin/../lib/gcc/arm-none-eabi/11.3.1/../../../../arm-none-eabi/lib/thumb/v7e-m+fp/hard\libc_nano.a(libc_a-mallocr.o)
 .ARM.attributes
                0x00000000000007c3       0x34 D:/tool/STM32CubeIDE_1.14.0/STM32CubeIDE/plugins/com.st.stm32cube.ide.mcu.externaltools.gnu-tools-for-stm32.11.3.rel1.win32_1.1.100.202309141235/tools/bin/../lib/gcc/arm-none-eabi/11.3.1/../../../../arm-none-eabi/lib/thumb/v7e-m+fp/hard\libc_nano.a(libc_a-mlock.o)
 .ARM.attributes
                0x00000000000007f7       0x1e D:/tool/STM32CubeIDE_1.14.0/STM32CubeIDE/plugins/com.st.stm32cube.ide.mcu.externaltools.gnu-tools-for-stm32.11.3.rel1.win32_1.1.100.202309141235/tools/bin/../lib/gcc/arm-none-eabi/11.3.1/thumb/v7e-m+fp/hard\libgcc.a(_aeabi_uldivmod.o)
 .ARM.attributes
                0x0000000000000815       0x34 D:/tool/STM32CubeIDE_1.14.0/STM32CubeIDE/plugins/com.st.stm32cube.ide.mcu.externaltools.gnu-tools-for-stm32.11.3.rel1.win32_1.1.100.202309141235/tools/bin/../lib/gcc/arm-none-eabi/11.3.1/thumb/v7e-m+fp/hard\libgcc.a(_udivmoddi4.o)
 .ARM.attributes
                0x0000000000000849       0x1e D:/tool/STM32CubeIDE_1.14.0/STM32CubeIDE/plugins/com.st.stm32cube.ide.mcu.externaltools.gnu-tools-for-stm32.11.3.rel1.win32_1.1.100.202309141235/tools/bin/../lib/gcc/arm-none-eabi/11.3.1/thumb/v7e-m+fp/hard\libgcc.a(_dvmd_tls.o)
 .ARM.attributes
                0x0000000000000867       0x1e D:/tool/STM32CubeIDE_1.14.0/STM32CubeIDE/plugins/com.st.stm32cube.ide.mcu.externaltools.gnu-tools-for-stm32.11.3.rel1.win32_1.1.100.202309141235/tools/bin/../lib/gcc/arm-none-eabi/11.3.1/thumb/v7e-m+fp/hard/crtn.o
OUTPUT(RFID_Moter_f446re.elf elf32-littlearm)
LOAD linker stubs
LOAD D:/tool/STM32CubeIDE_1.14.0/STM32CubeIDE/plugins/com.st.stm32cube.ide.mcu.externaltools.gnu-tools-for-stm32.11.3.rel1.win32_1.1.100.202309141235/tools/bin/../lib/gcc/arm-none-eabi/11.3.1/../../../../arm-none-eabi/lib/thumb/v7e-m+fp/hard\libc.a
LOAD D:/tool/STM32CubeIDE_1.14.0/STM32CubeIDE/plugins/com.st.stm32cube.ide.mcu.externaltools.gnu-tools-for-stm32.11.3.rel1.win32_1.1.100.202309141235/tools/bin/../lib/gcc/arm-none-eabi/11.3.1/../../../../arm-none-eabi/lib/thumb/v7e-m+fp/hard\libm.a
LOAD D:/tool/STM32CubeIDE_1.14.0/STM32CubeIDE/plugins/com.st.stm32cube.ide.mcu.externaltools.gnu-tools-for-stm32.11.3.rel1.win32_1.1.100.202309141235/tools/bin/../lib/gcc/arm-none-eabi/11.3.1/thumb/v7e-m+fp/hard\libgcc.a

.comment        0x0000000000000000       0x43
 .comment       0x0000000000000000       0x43 D:/tool/STM32CubeIDE_1.14.0/STM32CubeIDE/plugins/com.st.stm32cube.ide.mcu.externaltools.gnu-tools-for-stm32.11.3.rel1.win32_1.1.100.202309141235/tools/bin/../lib/gcc/arm-none-eabi/11.3.1/thumb/v7e-m+fp/hard/crtbegin.o
                                         0x44 (size before relaxing)
 .comment       0x0000000000000043       0x44 ./Core/Src/dma.o
 .comment       0x0000000000000043       0x44 ./Core/Src/freertos.o
 .comment       0x0000000000000043       0x44 ./Core/Src/gpio.o
 .comment       0x0000000000000043       0x44 ./Core/Src/main.o
 .comment       0x0000000000000043       0x44 ./Core/Src/rc522.o
 .comment       0x0000000000000043       0x44 ./Core/Src/spi.o
 .comment       0x0000000000000043       0x44 ./Core/Src/stm32f4xx_hal_msp.o
 .comment       0x0000000000000043       0x44 ./Core/Src/stm32f4xx_hal_timebase_tim.o
 .comment       0x0000000000000043       0x44 ./Core/Src/stm32f4xx_it.o
 .comment       0x0000000000000043       0x44 ./Core/Src/system_stm32f4xx.o
 .comment       0x0000000000000043       0x44 ./Core/Src/uart_receive_dma.o
 .comment       0x0000000000000043       0x44 ./Core/Src/usart.o
 .comment       0x0000000000000043       0x44 ./Drivers/STM32F4xx_HAL_Driver/Src/stm32f4xx_hal.o
 .comment       0x0000000000000043       0x44 ./Drivers/STM32F4xx_HAL_Driver/Src/stm32f4xx_hal_cortex.o
 .comment       0x0000000000000043       0x44 ./Drivers/STM32F4xx_HAL_Driver/Src/stm32f4xx_hal_dma.o
 .comment       0x0000000000000043       0x44 ./Drivers/STM32F4xx_HAL_Driver/Src/stm32f4xx_hal_gpio.o
 .comment       0x0000000000000043       0x44 ./Drivers/STM32F4xx_HAL_Driver/Src/stm32f4xx_hal_pwr_ex.o
 .comment       0x0000000000000043       0x44 ./Drivers/STM32F4xx_HAL_Driver/Src/stm32f4xx_hal_rcc.o
 .comment       0x0000000000000043       0x44 ./Drivers/STM32F4xx_HAL_Driver/Src/stm32f4xx_hal_rcc_ex.o
 .comment       0x0000000000000043       0x44 ./Drivers/STM32F4xx_HAL_Driver/Src/stm32f4xx_hal_spi.o
 .comment       0x0000000000000043       0x44 ./Drivers/STM32F4xx_HAL_Driver/Src/stm32f4xx_hal_tim.o
 .comment       0x0000000000000043       0x44 ./Drivers/STM32F4xx_HAL_Driver/Src/stm32f4xx_hal_tim_ex.o
 .comment       0x0000000000000043       0x44 ./Drivers/STM32F4xx_HAL_Driver/Src/stm32f4xx_hal_uart.o
 .comment       0x0000000000000043       0x44 ./Middlewares/Third_Party/FreeRTOS/Source/CMSIS_RTOS/cmsis_os.o
 .comment       0x0000000000000043       0x44 ./Middlewares/Third_Party/FreeRTOS/Source/list.o
 .comment       0x0000000000000043       0x44 ./Middlewares/Third_Party/FreeRTOS/Source/tasks.o
 .comment       0x0000000000000043       0x44 ./Middlewares/Third_Party/FreeRTOS/Source/portable/GCC/ARM_CM4F/port.o
 .comment       0x0000000000000043       0x44 ./Middlewares/Third_Party/FreeRTOS/Source/portable/MemMang/heap_4.o

.debug_info     0x0000000000000000    0x18e9c
 .debug_info    0x0000000000000000      0x4fb ./Core/Src/dma.o
 .debug_info    0x00000000000004fb     0x1323 ./Core/Src/freertos.o
 .debug_info    0x000000000000181e      0x439 ./Core/Src/gpio.o
 .debug_info    0x0000000000001c57      0xbf9 ./Core/Src/main.o
 .debug_info    0x0000000000002850      0xc40 ./Core/Src/rc522.o
 .debug_info    0x0000000000003490      0xc1d ./Core/Src/spi.o
 .debug_info    0x00000000000040ad      0x505 ./Core/Src/stm32f4xx_hal_msp.o
 .debug_info    0x00000000000045b2      0xc44 ./Core/Src/stm32f4xx_hal_timebase_tim.o
 .debug_info    0x00000000000051f6      0xc42 ./Core/Src/stm32f4xx_it.o
 .debug_info    0x0000000000005e38      0x54a ./Core/Src/system_stm32f4xx.o
 .debug_info    0x0000000000006382      0x84d ./Core/Src/uart_receive_dma.o
 .debug_info    0x0000000000006bcf      0xcea ./Core/Src/usart.o
 .debug_info    0x00000000000078b9       0x23 ./Core/Startup/startup_stm32f446retx.o
 .debug_info    0x00000000000078dc      0x99a ./Drivers/STM32F4xx_HAL_Driver/Src/stm32f4xx_hal.o
 .debug_info    0x0000000000008276      0xd75 ./Drivers/STM32F4xx_HAL_Driver/Src/stm32f4xx_hal_cortex.o
 .debug_info    0x0000000000008feb      0x8e7 ./Drivers/STM32F4xx_HAL_Driver/Src/stm32f4xx_hal_dma.o
 .debug_info    0x00000000000098d2      0x70b ./Drivers/STM32F4xx_HAL_Driver/Src/stm32f4xx_hal_gpio.o
 .debug_info    0x0000000000009fdd      0x6da ./Drivers/STM32F4xx_HAL_Driver/Src/stm32f4xx_hal_pwr_ex.o
 .debug_info    0x000000000000a6b7      0x8ed ./Drivers/STM32F4xx_HAL_Driver/Src/stm32f4xx_hal_rcc.o
 .debug_info    0x000000000000afa4      0x956 ./Drivers/STM32F4xx_HAL_Driver/Src/stm32f4xx_hal_rcc_ex.o
 .debug_info    0x000000000000b8fa     0x15fb ./Drivers/STM32F4xx_HAL_Driver/Src/stm32f4xx_hal_spi.o
 .debug_info    0x000000000000cef5     0x299d ./Drivers/STM32F4xx_HAL_Driver/Src/stm32f4xx_hal_tim.o
 .debug_info    0x000000000000f892     0x14db ./Drivers/STM32F4xx_HAL_Driver/Src/stm32f4xx_hal_tim_ex.o
 .debug_info    0x0000000000010d6d     0x2f4f ./Drivers/STM32F4xx_HAL_Driver/Src/stm32f4xx_hal_uart.o
 .debug_info    0x0000000000013cbc     0x21e1 ./Middlewares/Third_Party/FreeRTOS/Source/CMSIS_RTOS/cmsis_os.o
 .debug_info    0x0000000000015e9d      0x2af ./Middlewares/Third_Party/FreeRTOS/Source/list.o
 .debug_info    0x000000000001614c     0x239d ./Middlewares/Third_Party/FreeRTOS/Source/tasks.o
 .debug_info    0x00000000000184e9      0x4de ./Middlewares/Third_Party/FreeRTOS/Source/portable/GCC/ARM_CM4F/port.o
 .debug_info    0x00000000000189c7      0x4d5 ./Middlewares/Third_Party/FreeRTOS/Source/portable/MemMang/heap_4.o

.debug_abbrev   0x0000000000000000     0x3e4d
 .debug_abbrev  0x0000000000000000      0x10e ./Core/Src/dma.o
 .debug_abbrev  0x000000000000010e      0x2a0 ./Core/Src/freertos.o
 .debug_abbrev  0x00000000000003ae      0x152 ./Core/Src/gpio.o
 .debug_abbrev  0x0000000000000500      0x252 ./Core/Src/main.o
 .debug_abbrev  0x0000000000000752      0x29c ./Core/Src/rc522.o
 .debug_abbrev  0x00000000000009ee      0x212 ./Core/Src/spi.o
 .debug_abbrev  0x0000000000000c00      0x119 ./Core/Src/stm32f4xx_hal_msp.o
 .debug_abbrev  0x0000000000000d19      0x1f4 ./Core/Src/stm32f4xx_hal_timebase_tim.o
 .debug_abbrev  0x0000000000000f0d      0x199 ./Core/Src/stm32f4xx_it.o
 .debug_abbrev  0x00000000000010a6      0x11a ./Core/Src/system_stm32f4xx.o
 .debug_abbrev  0x00000000000011c0      0x255 ./Core/Src/uart_receive_dma.o
 .debug_abbrev  0x0000000000001415      0x232 ./Core/Src/usart.o
 .debug_abbrev  0x0000000000001647       0x12 ./Core/Startup/startup_stm32f446retx.o
 .debug_abbrev  0x0000000000001659      0x214 ./Drivers/STM32F4xx_HAL_Driver/Src/stm32f4xx_hal.o
 .debug_abbrev  0x000000000000186d      0x328 ./Drivers/STM32F4xx_HAL_Driver/Src/stm32f4xx_hal_cortex.o
 .debug_abbrev  0x0000000000001b95      0x264 ./Drivers/STM32F4xx_HAL_Driver/Src/stm32f4xx_hal_dma.o
 .debug_abbrev  0x0000000000001df9      0x1d4 ./Drivers/STM32F4xx_HAL_Driver/Src/stm32f4xx_hal_gpio.o
 .debug_abbrev  0x0000000000001fcd      0x1cf ./Drivers/STM32F4xx_HAL_Driver/Src/stm32f4xx_hal_pwr_ex.o
 .debug_abbrev  0x000000000000219c      0x2b6 ./Drivers/STM32F4xx_HAL_Driver/Src/stm32f4xx_hal_rcc.o
 .debug_abbrev  0x0000000000002452      0x20a ./Drivers/STM32F4xx_HAL_Driver/Src/stm32f4xx_hal_rcc_ex.o
 .debug_abbrev  0x000000000000265c      0x284 ./Drivers/STM32F4xx_HAL_Driver/Src/stm32f4xx_hal_spi.o
 .debug_abbrev  0x00000000000028e0      0x278 ./Drivers/STM32F4xx_HAL_Driver/Src/stm32f4xx_hal_tim.o
 .debug_abbrev  0x0000000000002b58      0x283 ./Drivers/STM32F4xx_HAL_Driver/Src/stm32f4xx_hal_tim_ex.o
 .debug_abbrev  0x0000000000002ddb      0x30e ./Drivers/STM32F4xx_HAL_Driver/Src/stm32f4xx_hal_uart.o
 .debug_abbrev  0x00000000000030e9      0x426 ./Middlewares/Third_Party/FreeRTOS/Source/CMSIS_RTOS/cmsis_os.o
 .debug_abbrev  0x000000000000350f       0xf5 ./Middlewares/Third_Party/FreeRTOS/Source/list.o
 .debug_abbrev  0x0000000000003604      0x3d0 ./Middlewares/Third_Party/FreeRTOS/Source/tasks.o
 .debug_abbrev  0x00000000000039d4      0x25c ./Middlewares/Third_Party/FreeRTOS/Source/portable/GCC/ARM_CM4F/port.o
 .debug_abbrev  0x0000000000003c30      0x21d ./Middlewares/Third_Party/FreeRTOS/Source/portable/MemMang/heap_4.o

.debug_aranges  0x0000000000000000     0x1538
 .debug_aranges
                0x0000000000000000       0x20 ./Core/Src/dma.o
 .debug_aranges
                0x0000000000000020       0x48 ./Core/Src/freertos.o
 .debug_aranges
                0x0000000000000068       0x20 ./Core/Src/gpio.o
 .debug_aranges
                0x0000000000000088       0x38 ./Core/Src/main.o
 .debug_aranges
                0x00000000000000c0       0xa8 ./Core/Src/rc522.o
 .debug_aranges
                0x0000000000000168       0x30 ./Core/Src/spi.o
 .debug_aranges
                0x0000000000000198       0x20 ./Core/Src/stm32f4xx_hal_msp.o
 .debug_aranges
                0x00000000000001b8       0x30 ./Core/Src/stm32f4xx_hal_timebase_tim.o
 .debug_aranges
                0x00000000000001e8       0x70 ./Core/Src/stm32f4xx_it.o
 .debug_aranges
                0x0000000000000258       0x28 ./Core/Src/system_stm32f4xx.o
 .debug_aranges
                0x0000000000000280       0x40 ./Core/Src/uart_receive_dma.o
 .debug_aranges
                0x00000000000002c0       0x40 ./Core/Src/usart.o
 .debug_aranges
                0x0000000000000300       0x28 ./Core/Startup/startup_stm32f446retx.o
 .debug_aranges
                0x0000000000000328       0xf0 ./Drivers/STM32F4xx_HAL_Driver/Src/stm32f4xx_hal.o
 .debug_aranges
                0x0000000000000418      0x120 ./Drivers/STM32F4xx_HAL_Driver/Src/stm32f4xx_hal_cortex.o
 .debug_aranges
                0x0000000000000538       0x90 ./Drivers/STM32F4xx_HAL_Driver/Src/stm32f4xx_hal_dma.o
 .debug_aranges
                0x00000000000005c8       0x58 ./Drivers/STM32F4xx_HAL_Driver/Src/stm32f4xx_hal_gpio.o
 .debug_aranges
                0x0000000000000620       0x60 ./Drivers/STM32F4xx_HAL_Driver/Src/stm32f4xx_hal_pwr_ex.o
 .debug_aranges
                0x0000000000000680       0x88 ./Drivers/STM32F4xx_HAL_Driver/Src/stm32f4xx_hal_rcc.o
 .debug_aranges
                0x0000000000000708       0x78 ./Drivers/STM32F4xx_HAL_Driver/Src/stm32f4xx_hal_rcc_ex.o
 .debug_aranges
                0x0000000000000780      0x1d0 ./Drivers/STM32F4xx_HAL_Driver/Src/stm32f4xx_hal_spi.o
 .debug_aranges
                0x0000000000000950      0x3d0 ./Drivers/STM32F4xx_HAL_Driver/Src/stm32f4xx_hal_tim.o
 .debug_aranges
                0x0000000000000d20      0x168 ./Drivers/STM32F4xx_HAL_Driver/Src/stm32f4xx_hal_tim_ex.o
 .debug_aranges
                0x0000000000000e88      0x208 ./Drivers/STM32F4xx_HAL_Driver/Src/stm32f4xx_hal_uart.o
 .debug_aranges
                0x0000000000001090      0x1d8 ./Middlewares/Third_Party/FreeRTOS/Source/CMSIS_RTOS/cmsis_os.o
 .debug_aranges
                0x0000000000001268       0x40 ./Middlewares/Third_Party/FreeRTOS/Source/list.o
 .debug_aranges
                0x00000000000012a8      0x1b8 ./Middlewares/Third_Party/FreeRTOS/Source/tasks.o
 .debug_aranges
                0x0000000000001460       0x80 ./Middlewares/Third_Party/FreeRTOS/Source/portable/GCC/ARM_CM4F/port.o
 .debug_aranges
                0x00000000000014e0       0x58 ./Middlewares/Third_Party/FreeRTOS/Source/portable/MemMang/heap_4.o

.debug_rnglists
                0x0000000000000000     0x1066
 .debug_rnglists
                0x0000000000000000       0x13 ./Core/Src/dma.o
 .debug_rnglists
                0x0000000000000013       0x32 ./Core/Src/freertos.o
 .debug_rnglists
                0x0000000000000045       0x14 ./Core/Src/gpio.o
 .debug_rnglists
                0x0000000000000059       0x26 ./Core/Src/main.o
 .debug_rnglists
                0x000000000000007f       0x7e ./Core/Src/rc522.o
 .debug_rnglists
                0x00000000000000fd       0x20 ./Core/Src/spi.o
 .debug_rnglists
                0x000000000000011d       0x13 ./Core/Src/stm32f4xx_hal_msp.o
 .debug_rnglists
                0x0000000000000130       0x20 ./Core/Src/stm32f4xx_hal_timebase_tim.o
 .debug_rnglists
                0x0000000000000150       0x4f ./Core/Src/stm32f4xx_it.o
 .debug_rnglists
                0x000000000000019f       0x1a ./Core/Src/system_stm32f4xx.o
 .debug_rnglists
                0x00000000000001b9       0x2d ./Core/Src/uart_receive_dma.o
 .debug_rnglists
                0x00000000000001e6       0x2d ./Core/Src/usart.o
 .debug_rnglists
                0x0000000000000213       0x19 ./Core/Startup/startup_stm32f446retx.o
 .debug_rnglists
                0x000000000000022c       0xaf ./Drivers/STM32F4xx_HAL_Driver/Src/stm32f4xx_hal.o
 .debug_rnglists
                0x00000000000002db       0xd4 ./Drivers/STM32F4xx_HAL_Driver/Src/stm32f4xx_hal_cortex.o
 .debug_rnglists
                0x00000000000003af       0x70 ./Drivers/STM32F4xx_HAL_Driver/Src/stm32f4xx_hal_dma.o
 .debug_rnglists
                0x000000000000041f       0x3f ./Drivers/STM32F4xx_HAL_Driver/Src/stm32f4xx_hal_gpio.o
 .debug_rnglists
                0x000000000000045e       0x47 ./Drivers/STM32F4xx_HAL_Driver/Src/stm32f4xx_hal_pwr_ex.o
 .debug_rnglists
                0x00000000000004a5       0x66 ./Drivers/STM32F4xx_HAL_Driver/Src/stm32f4xx_hal_rcc.o
 .debug_rnglists
                0x000000000000050b       0x5e ./Drivers/STM32F4xx_HAL_Driver/Src/stm32f4xx_hal_rcc_ex.o
 .debug_rnglists
                0x0000000000000569      0x16f ./Drivers/STM32F4xx_HAL_Driver/Src/stm32f4xx_hal_spi.o
 .debug_rnglists
                0x00000000000006d8      0x31a ./Drivers/STM32F4xx_HAL_Driver/Src/stm32f4xx_hal_tim.o
 .debug_rnglists
                0x00000000000009f2      0x125 ./Drivers/STM32F4xx_HAL_Driver/Src/stm32f4xx_hal_tim_ex.o
 .debug_rnglists
                0x0000000000000b17      0x1bc ./Drivers/STM32F4xx_HAL_Driver/Src/stm32f4xx_hal_uart.o
 .debug_rnglists
                0x0000000000000cd3      0x16a ./Middlewares/Third_Party/FreeRTOS/Source/CMSIS_RTOS/cmsis_os.o
 .debug_rnglists
                0x0000000000000e3d       0x2b ./Middlewares/Third_Party/FreeRTOS/Source/list.o
 .debug_rnglists
                0x0000000000000e68      0x15f ./Middlewares/Third_Party/FreeRTOS/Source/tasks.o
 .debug_rnglists
                0x0000000000000fc7       0x5d ./Middlewares/Third_Party/FreeRTOS/Source/portable/GCC/ARM_CM4F/port.o
 .debug_rnglists
                0x0000000000001024       0x42 ./Middlewares/Third_Party/FreeRTOS/Source/portable/MemMang/heap_4.o

.debug_macro    0x0000000000000000    0x24daf
 .debug_macro   0x0000000000000000      0x1f1 ./Core/Src/dma.o
 .debug_macro   0x00000000000001f1      0xaa8 ./Core/Src/dma.o
 .debug_macro   0x0000000000000c99      0x2a1 ./Core/Src/dma.o
 .debug_macro   0x0000000000000f3a       0x2e ./Core/Src/dma.o
 .debug_macro   0x0000000000000f68       0x28 ./Core/Src/dma.o
 .debug_macro   0x0000000000000f90       0x22 ./Core/Src/dma.o
 .debug_macro   0x0000000000000fb2       0x8e ./Core/Src/dma.o
 .debug_macro   0x0000000000001040       0x51 ./Core/Src/dma.o
 .debug_macro   0x0000000000001091      0x103 ./Core/Src/dma.o
 .debug_macro   0x0000000000001194       0x6a ./Core/Src/dma.o
 .debug_macro   0x00000000000011fe      0x1df ./Core/Src/dma.o
 .debug_macro   0x00000000000013dd       0x1c ./Core/Src/dma.o
 .debug_macro   0x00000000000013f9       0x22 ./Core/Src/dma.o
 .debug_macro   0x000000000000141b       0xfb ./Core/Src/dma.o
 .debug_macro   0x0000000000001516     0x1011 ./Core/Src/dma.o
 .debug_macro   0x0000000000002527      0x11f ./Core/Src/dma.o
 .debug_macro   0x0000000000002646    0x16749 ./Core/Src/dma.o
 .debug_macro   0x0000000000018d8f       0x6d ./Core/Src/dma.o
 .debug_macro   0x0000000000018dfc     0x368c ./Core/Src/dma.o
 .debug_macro   0x000000000001c488      0x174 ./Core/Src/dma.o
 .debug_macro   0x000000000001c5fc       0x5c ./Core/Src/dma.o
 .debug_macro   0x000000000001c658      0xca5 ./Core/Src/dma.o
 .debug_macro   0x000000000001d2fd      0x9e9 ./Core/Src/dma.o
 .debug_macro   0x000000000001dce6      0x115 ./Core/Src/dma.o
 .debug_macro   0x000000000001ddfb      0x1a0 ./Core/Src/dma.o
 .debug_macro   0x000000000001df9b       0xa5 ./Core/Src/dma.o
 .debug_macro   0x000000000001e040      0x16d ./Core/Src/dma.o
 .debug_macro   0x000000000001e1ad      0x287 ./Core/Src/dma.o
 .debug_macro   0x000000000001e434       0x5f ./Core/Src/dma.o
 .debug_macro   0x000000000001e493      0x236 ./Core/Src/dma.o
 .debug_macro   0x000000000001e6c9      0x132 ./Core/Src/dma.o
 .debug_macro   0x000000000001e7fb      0x29c ./Core/Src/dma.o
 .debug_macro   0x000000000001ea97       0x2e ./Core/Src/dma.o
 .debug_macro   0x000000000001eac5      0x127 ./Core/Src/dma.o
 .debug_macro   0x000000000001ebec       0xe8 ./Core/Src/dma.o
 .debug_macro   0x000000000001ecd4       0x89 ./Core/Src/dma.o
 .debug_macro   0x000000000001ed5d      0x225 ./Core/Src/dma.o
 .debug_macro   0x000000000001ef82      0x8ed ./Core/Src/dma.o
 .debug_macro   0x000000000001f86f       0x53 ./Core/Src/dma.o
 .debug_macro   0x000000000001f8c2      0x2aa ./Core/Src/dma.o
 .debug_macro   0x000000000001fb6c      0x126 ./Core/Src/dma.o
 .debug_macro   0x000000000001fc92       0x64 ./Core/Src/dma.o
 .debug_macro   0x000000000001fcf6      0x35d ./Core/Src/freertos.o
 .debug_macro   0x0000000000020053       0xf1 ./Core/Src/freertos.o
 .debug_macro   0x0000000000020144      0x15a ./Core/Src/freertos.o
 .debug_macro   0x000000000002029e       0xde ./Core/Src/freertos.o
 .debug_macro   0x000000000002037c       0x1c ./Core/Src/freertos.o
 .debug_macro   0x0000000000020398       0x26 ./Core/Src/freertos.o
 .debug_macro   0x00000000000203be       0x61 ./Core/Src/freertos.o
 .debug_macro   0x000000000002041f       0x2a ./Core/Src/freertos.o
 .debug_macro   0x0000000000020449       0x43 ./Core/Src/freertos.o
 .debug_macro   0x000000000002048c       0x34 ./Core/Src/freertos.o
 .debug_macro   0x00000000000204c0       0x16 ./Core/Src/freertos.o
 .debug_macro   0x00000000000204d6       0x43 ./Core/Src/freertos.o
 .debug_macro   0x0000000000020519       0x34 ./Core/Src/freertos.o
 .debug_macro   0x000000000002054d       0x10 ./Core/Src/freertos.o
 .debug_macro   0x000000000002055d       0x58 ./Core/Src/freertos.o
 .debug_macro   0x00000000000205b5       0x8e ./Core/Src/freertos.o
 .debug_macro   0x0000000000020643       0x1c ./Core/Src/freertos.o
 .debug_macro   0x000000000002065f      0x177 ./Core/Src/freertos.o
 .debug_macro   0x00000000000207d6       0x10 ./Core/Src/freertos.o
 .debug_macro   0x00000000000207e6       0x35 ./Core/Src/freertos.o
 .debug_macro   0x000000000002081b      0x4fe ./Core/Src/freertos.o
 .debug_macro   0x0000000000020d19       0xb5 ./Core/Src/freertos.o
 .debug_macro   0x0000000000020dce       0xaa ./Core/Src/freertos.o
 .debug_macro   0x0000000000020e78       0x91 ./Core/Src/freertos.o
 .debug_macro   0x0000000000020f09       0x8d ./Core/Src/freertos.o
 .debug_macro   0x0000000000020f96       0x7e ./Core/Src/freertos.o
 .debug_macro   0x0000000000021014       0x19 ./Core/Src/freertos.o
 .debug_macro   0x000000000002102d       0xf2 ./Core/Src/freertos.o
 .debug_macro   0x000000000002111f       0x10 ./Core/Src/freertos.o
 .debug_macro   0x000000000002112f      0x244 ./Core/Src/freertos.o
 .debug_macro   0x0000000000021373      0x1f1 ./Core/Src/gpio.o
 .debug_macro   0x0000000000021564      0x375 ./Core/Src/main.o
 .debug_macro   0x00000000000218d9       0xf1 ./Core/Src/main.o
 .debug_macro   0x00000000000219ca      0x1e7 ./Core/Src/rc522.o
 .debug_macro   0x0000000000021bb1      0x23e ./Core/Src/rc522.o
 .debug_macro   0x0000000000021def      0x1f1 ./Core/Src/spi.o
 .debug_macro   0x0000000000021fe0      0x1e7 ./Core/Src/stm32f4xx_hal_msp.o
 .debug_macro   0x00000000000221c7      0x1d8 ./Core/Src/stm32f4xx_hal_timebase_tim.o
 .debug_macro   0x000000000002239f      0x1f1 ./Core/Src/stm32f4xx_it.o
 .debug_macro   0x0000000000022590      0x1d8 ./Core/Src/system_stm32f4xx.o
 .debug_macro   0x0000000000022768      0x399 ./Core/Src/uart_receive_dma.o
 .debug_macro   0x0000000000022b01       0x10 ./Core/Src/uart_receive_dma.o
 .debug_macro   0x0000000000022b11       0x20 ./Core/Src/uart_receive_dma.o
 .debug_macro   0x0000000000022b31       0x56 ./Core/Src/uart_receive_dma.o
 .debug_macro   0x0000000000022b87       0x16 ./Core/Src/uart_receive_dma.o
 .debug_macro   0x0000000000022b9d      0x1f1 ./Core/Src/usart.o
 .debug_macro   0x0000000000022d8e      0x238 ./Drivers/STM32F4xx_HAL_Driver/Src/stm32f4xx_hal.o
 .debug_macro   0x0000000000022fc6      0x1d8 ./Drivers/STM32F4xx_HAL_Driver/Src/stm32f4xx_hal_cortex.o
 .debug_macro   0x000000000002319e      0x1de ./Drivers/STM32F4xx_HAL_Driver/Src/stm32f4xx_hal_dma.o
 .debug_macro   0x000000000002337c      0x1de ./Drivers/STM32F4xx_HAL_Driver/Src/stm32f4xx_hal_gpio.o
 .debug_macro   0x000000000002355a      0x1f0 ./Drivers/STM32F4xx_HAL_Driver/Src/stm32f4xx_hal_pwr_ex.o
 .debug_macro   0x000000000002374a      0x1fc ./Drivers/STM32F4xx_HAL_Driver/Src/stm32f4xx_hal_rcc.o
 .debug_macro   0x0000000000023946      0x1d8 ./Drivers/STM32F4xx_HAL_Driver/Src/stm32f4xx_hal_rcc_ex.o
 .debug_macro   0x0000000000023b1e      0x1e7 ./Drivers/STM32F4xx_HAL_Driver/Src/stm32f4xx_hal_spi.o
 .debug_macro   0x0000000000023d05      0x1d9 ./Drivers/STM32F4xx_HAL_Driver/Src/stm32f4xx_hal_tim.o
 .debug_macro   0x0000000000023ede      0x1d8 ./Drivers/STM32F4xx_HAL_Driver/Src/stm32f4xx_hal_tim_ex.o
 .debug_macro   0x00000000000240b6      0x1d9 ./Drivers/STM32F4xx_HAL_Driver/Src/stm32f4xx_hal_uart.o
 .debug_macro   0x000000000002428f      0x210 ./Middlewares/Third_Party/FreeRTOS/Source/CMSIS_RTOS/cmsis_os.o
 .debug_macro   0x000000000002449f       0xe9 ./Middlewares/Third_Party/FreeRTOS/Source/CMSIS_RTOS/cmsis_os.o
 .debug_macro   0x0000000000024588      0x199 ./Middlewares/Third_Party/FreeRTOS/Source/list.o
 .debug_macro   0x0000000000024721      0x28b ./Middlewares/Third_Party/FreeRTOS/Source/tasks.o
 .debug_macro   0x00000000000249ac       0x10 ./Middlewares/Third_Party/FreeRTOS/Source/tasks.o
 .debug_macro   0x00000000000249bc      0x233 ./Middlewares/Third_Party/FreeRTOS/Source/portable/GCC/ARM_CM4F/port.o
 .debug_macro   0x0000000000024bef      0x1c0 ./Middlewares/Third_Party/FreeRTOS/Source/portable/MemMang/heap_4.o

.debug_line     0x0000000000000000    0x1ac9c
 .debug_line    0x0000000000000000      0x769 ./Core/Src/dma.o
 .debug_line    0x0000000000000769      0xb24 ./Core/Src/freertos.o
 .debug_line    0x000000000000128d      0x787 ./Core/Src/gpio.o
 .debug_line    0x0000000000001a14      0xb05 ./Core/Src/main.o
 .debug_line    0x0000000000002519      0xc69 ./Core/Src/rc522.o
 .debug_line    0x0000000000003182      0x804 ./Core/Src/spi.o
 .debug_line    0x0000000000003986      0x76f ./Core/Src/stm32f4xx_hal_msp.o